 overview_model_sfun

 Timestamp is 5a8b6dc2 (Mon Feb 19 19:37:22 2018)

 Preferred load address is 0000000180000000

 Start         Length     Name                   Class
 0001:00000000 0000f392H .text$mn                CODE
 0001:0000f3a0 0000007bH .text$x                 CODE
 0002:00000000 00000450H .idata$5                DATA
 0002:00000450 00000008H .CRT$XCA                DATA
 0002:00000458 00000008H .CRT$XCZ                DATA
 0002:00000460 00000008H .CRT$XIA                DATA
 0002:00000468 00000008H .CRT$XIAA               DATA
 0002:00000470 00000008H .CRT$XIC                DATA
 0002:00000478 00000008H .CRT$XIZ                DATA
 0002:00000480 00000180H .rdata                  DATA
 0002:00000600 00000008H .rtc$IAA                DATA
 0002:00000608 00000008H .rtc$IZZ                DATA
 0002:00000610 00000008H .rtc$TAA                DATA
 0002:00000618 00000008H .rtc$TZZ                DATA
 0002:00000620 000007a4H .xdata                  DATA
 0002:00000dd0 0000007dH .edata                  DATA
 0002:00000e50 00000078H .idata$2                DATA
 0002:00000ec8 00000014H .idata$3                DATA
 0002:00000ee0 00000450H .idata$4                DATA
 0002:00001330 00000c9eH .idata$6                DATA
 0003:00000000 00002ca8H .data                   DATA
 0003:00002cb0 000015e8H .bss                    DATA
 0004:00000000 00000918H .pdata                  DATA

  Address         Publics by Value              Rva+Base               Lib:Object

 0000:00000000       __guard_fids_table         0000000000000000     <absolute>
 0000:00000000       __guard_flags              0000000000000000     <absolute>
 0000:00000000       ___safe_se_handler_count   0000000000000000     <absolute>
 0000:00000000       __guard_fids_count         0000000000000000     <absolute>
 0000:00000000       ___safe_se_handler_table   0000000000000000     <absolute>
 0000:00000000       __ImageBase                0000000180000000     <linker-defined>
 0001:00000000       overview_model_initializer 0000000180001000 f   overview_model_sfun.obj
 0001:00000010       overview_model_terminator  0000000180001010 f   overview_model_sfun.obj
 0001:00000020       load_overview_model_optimization_info 0000000180001020 f   overview_model_sfun.obj
 0001:000000d0       unload_overview_model_optimization_info 00000001800010d0 f   overview_model_sfun.obj
 0001:00000100       sf_overview_model_method_dispatcher 0000000180001100 f   overview_model_sfun.obj
 0001:00000150       sf_overview_model_process_check_sum_call 0000000180001150 f   overview_model_sfun.obj
 0001:00000640       sf_overview_model_autoinheritance_info 0000000180001640 f   overview_model_sfun.obj
 0001:00000820       sf_overview_model_get_eml_resolved_functions_info 0000000180001820 f   overview_model_sfun.obj
 0001:00000a00       sf_overview_model_third_party_uses_info 0000000180001a00 f   overview_model_sfun.obj
 0001:00000bd0       sf_overview_model_jit_fallback_info 0000000180001bd0 f   overview_model_sfun.obj
 0001:00000da0       sf_overview_model_updateBuildInfo_args_info 0000000180001da0 f   overview_model_sfun.obj
 0001:00000f70       overview_model_debug_initialize 0000000180001f70 f   overview_model_sfun.obj
 0001:00000ff0       overview_model_register_exported_symbols 0000000180001ff0 f   overview_model_sfun.obj
 0001:00001000       sf_c1_overview_model_get_eml_resolved_functions_info 0000000180002000 f   c1_overview_model.obj
 0001:00001080       sf_c1_overview_model_get_check_sum 0000000180002080 f   c1_overview_model.obj
 0001:00001150       c1_overview_model_method_dispatcher 0000000180002150 f   c1_overview_model.obj
 0001:00003770       sf_c1_overview_model_get_post_codegen_info 0000000180004770 f   c1_overview_model.obj
 0001:00003840       sf_c1_overview_model_get_autoinheritance_info 0000000180004840 f   c1_overview_model.obj
 0001:00004330       sf_c1_overview_model_third_party_uses_info 0000000180005330 f   c1_overview_model.obj
 0001:00004360       sf_c1_overview_model_jit_fallback_info 0000000180005360 f   c1_overview_model.obj
 0001:000044f0       sf_c1_overview_model_updateBuildInfo_args_info 00000001800054f0 f   c1_overview_model.obj
 0001:00005330       mexFunction                0000000180006330 f   overview_model_sfun_registry.obj
 0001:00007910       _ssSetInputPortDirectFeedThroughFcn 0000000180008910 f   overview_model_sfun_registry.obj
 0001:00007a80       _ssGetInputPortSignalPtrsFcn 0000000180008a80 f   overview_model_sfun_registry.obj
 0001:00007e10       _ssGetInputPortSignalFcn   0000000180008e10 f   overview_model_sfun_registry.obj
 0001:000081a0       _ssSetInputPortReusableFcn 00000001800091a0 f   overview_model_sfun_registry.obj
 0001:000082a0       _ssSetOutputPortReusableFcn 00000001800092a0 f   overview_model_sfun_registry.obj
 0001:000083a0       _ssSetSymbolicDimsSupport  00000001800093a0 f   overview_model_sfun_registry.obj
 0001:00008410       _ssRegisterSymbolicDimsExpr 0000000180009410 f   overview_model_sfun_registry.obj
 0001:00008490       _ssRegisterSymbolicDims    0000000180009490 f   overview_model_sfun_registry.obj
 0001:00008530       _ssRegisterSymbolicDimsString 0000000180009530 f   overview_model_sfun_registry.obj
 0001:000085b0       _ssRegisterSymbolicDimsIntValue 00000001800095b0 f   overview_model_sfun_registry.obj
 0001:00008620       _ssRegisterSymbolicDimsPlus 0000000180009620 f   overview_model_sfun_registry.obj
 0001:000086a0       _ssRegisterSymbolicDimsMinus 00000001800096a0 f   overview_model_sfun_registry.obj
 0001:00008720       _ssRegisterSymbolicDimsMultiply 0000000180009720 f   overview_model_sfun_registry.obj
 0001:000087a0       _ssRegisterSymbolicDimsDivide 00000001800097a0 f   overview_model_sfun_registry.obj
 0001:00008820       _ssGetNumSymbolicDims      0000000180009820 f   overview_model_sfun_registry.obj
 0001:00008890       _ssGetSymbolicDim          0000000180009890 f   overview_model_sfun_registry.obj
 0001:00008910       _ssSetInputPortSymbolicDimsId 0000000180009910 f   overview_model_sfun_registry.obj
 0001:00008980       _ssGetCompInputPortSymbolicDimsId 0000000180009980 f   overview_model_sfun_registry.obj
 0001:000089f0       _ssSetCompInputPortSymbolicDimsId 00000001800099f0 f   overview_model_sfun_registry.obj
 0001:00008a60       _ssSetOutputPortSymbolicDimsId 0000000180009a60 f   overview_model_sfun_registry.obj
 0001:00008ad0       _ssGetCompOutputPortSymbolicDimsId 0000000180009ad0 f   overview_model_sfun_registry.obj
 0001:00008b40       _ssSetCompOutputPortSymbolicDimsId 0000000180009b40 f   overview_model_sfun_registry.obj
 0001:00008bb0       _ssSetCompDWorkSymbolicDimsId 0000000180009bb0 f   overview_model_sfun_registry.obj
 0001:00008c20       ssGetIsZeroCrossControlDisabled 0000000180009c20 f   overview_model_sfun_registry.obj
 0001:00008c90       ssSetIsInputPortUsedForContZcSignal 0000000180009c90 f   overview_model_sfun_registry.obj
 0001:00008d00       ssSetZcSignalIsZcElementDisc 0000000180009d00 f   overview_model_sfun_registry.obj
 0001:00008db0       ssSetZcSignalName          0000000180009db0 f   overview_model_sfun_registry.obj
 0001:00008e20       ssSetZcSignalWidth         0000000180009e20 f   overview_model_sfun_registry.obj
 0001:00008e90       ssSetZcSignalZcEventType   0000000180009e90 f   overview_model_sfun_registry.obj
 0001:00008f00       ssSetZcSignalType          0000000180009f00 f   overview_model_sfun_registry.obj
 0001:00008f70       ssSetZcSignalZcTol         0000000180009f70 f   overview_model_sfun_registry.obj
 0001:00008fe0       ssSetZcSignalNeedsEventNotification 0000000180009fe0 f   overview_model_sfun_registry.obj
 0001:00009050       ssCreateAndAddZcSignalInfo 000000018000a050 f   overview_model_sfun_registry.obj
 0001:000090c0       ssCloneAndAddZcSignalInfo  000000018000a0c0 f   overview_model_sfun_registry.obj
 0001:00009130       ssGetNumZcSignals          000000018000a130 f   overview_model_sfun_registry.obj
 0001:000091a0       ssGetZcSignalVector        000000018000a1a0 f   overview_model_sfun_registry.obj
 0001:00009210       ssGetZcSignalName          000000018000a210 f   overview_model_sfun_registry.obj
 0001:00009280       ssGetZcSignalWidth         000000018000a280 f   overview_model_sfun_registry.obj
 0001:000092f0       ssGetZcSignalZcEventType   000000018000a2f0 f   overview_model_sfun_registry.obj
 0001:00009360       ssGetZcSignalZcEvents      000000018000a360 f   overview_model_sfun_registry.obj
 0001:000093d0       ssGetZcSignalType          000000018000a3d0 f   overview_model_sfun_registry.obj
 0001:00009440       ssGetZcSignalZcTol         000000018000a440 f   overview_model_sfun_registry.obj
 0001:000094c0       ssGetZcSignalNeedsEventNotification 000000018000a4c0 f   overview_model_sfun_registry.obj
 0001:00009530       ssGetZcSignalIsZcElementDisc 000000018000a530 f   overview_model_sfun_registry.obj
 0001:000095d0       ssGetIsInputPortElementContinuous 000000018000a5d0 f   overview_model_sfun_registry.obj
 0001:00009670       _ssSetIWorkValueFcn        000000018000a670 f   overview_model_sfun_registry.obj
 0001:000096f0       _ssGetIWorkValueFcn        000000018000a6f0 f   overview_model_sfun_registry.obj
 0001:00009760       _ssSetRWorkValueFcn        000000018000a760 f   overview_model_sfun_registry.obj
 0001:000097e0       _ssGetRWorkValueFcn        000000018000a7e0 f   overview_model_sfun_registry.obj
 0001:00009850       _ssSetPWorkValueFcn        000000018000a850 f   overview_model_sfun_registry.obj
 0001:000098d0       _ssGetPWorkValueFcn        000000018000a8d0 f   overview_model_sfun_registry.obj
 0001:00009940       ssGetDTypeIdFromMxArray    000000018000a940 f   overview_model_sfun_registry.obj
 0001:00009a60       ssWriteRTWStr              000000018000aa60 f   overview_model_sfun_registry.obj
 0001:00009ac0       ssWriteRTWNameValuePair    000000018000aac0 f   overview_model_sfun_registry.obj
 0001:00009fc0       ssWriteRTWParamSettings    000000018000afc0 f   overview_model_sfun_registry.obj
 0001:0000a6b0       ssWriteRTWParameters       000000018000b6b0 f   overview_model_sfun_registry.obj
 0001:0000ac80       ssWriteRTWWorkVect         000000018000bc80 f   overview_model_sfun_registry.obj
 0001:0000b1e0       ssWriteRTWMxVectParam      000000018000c1e0 f   overview_model_sfun_registry.obj
 0001:0000b260       ssWriteRTWMx2dMatParam     000000018000c260 f   overview_model_sfun_registry.obj
 0001:0000b2f0       _ssSetInputPortMatrixDimensions 000000018000c2f0 f   overview_model_sfun_registry.obj
 0001:0000b410       _ssSetOutputPortMatrixDimensions 000000018000c410 f   overview_model_sfun_registry.obj
 0001:0000b530       _ssSetInputPortVectorDimension 000000018000c530 f   overview_model_sfun_registry.obj
 0001:0000b5e0       _ssSetOutputPortVectorDimension 000000018000c5e0 f   overview_model_sfun_registry.obj
 0001:0000b690       ssIsRunTimeParamTunable    000000018000c690 f   overview_model_sfun_registry.obj
 0001:0000b700       ssGetSFuncBlockHandle      000000018000c700 f   overview_model_sfun_registry.obj
 0001:0000b770       _ssGetCurrentInputPortWidth 000000018000c770 f   overview_model_sfun_registry.obj
 0001:0000b890       _ssGetCurrentOutputPortWidth 000000018000c890 f   overview_model_sfun_registry.obj
 0001:0000b9b0       _ssGetCallSystemNumFcnCallDestinations 000000018000c9b0 f   overview_model_sfun_registry.obj
 0001:0000ba20       ssGetParameterTuningCompliance 000000018000ca20 f   overview_model_sfun_registry.obj
 0001:0000ba90       ssWarning                  000000018000ca90 f   overview_model_sfun_registry.obj
 0001:0000bb80       _ssGetAbsTol               000000018000cb80 f   overview_model_sfun_registry.obj
 0001:0000bbf0       _ssSetStateAbsTol          000000018000cbf0 f   overview_model_sfun_registry.obj
 0001:0000bcd0       sf_process_check_sum_call  000000018000ccd0 f   overview_model_sfun_registry.obj
 0001:0000bd20       sf_process_autoinheritance_call 000000018000cd20 f   overview_model_sfun_registry.obj
 0001:0000bf50       sf_process_get_third_party_uses_info_call 000000018000cf50 f   overview_model_sfun_registry.obj
 0001:0000c180       sf_process_get_jit_fallback_info_call 000000018000d180 f   overview_model_sfun_registry.obj
 0001:0000c3b0       sf_process_get_updateBuildInfo_args_info_call 000000018000d3b0 f   overview_model_sfun_registry.obj
 0001:0000c5e0       sf_process_get_eml_resolved_functions_info_call 000000018000d5e0 f   overview_model_sfun_registry.obj
 0001:0000c810       sf_mex_unlock_call         000000018000d810 f   overview_model_sfun_registry.obj
 0001:0000cab0       sf_machine_global_initializer_called 000000018000dab0 f   overview_model_sfun_registry.obj
 0001:0000cae0       sf_machine_global_method_dispatcher 000000018000dae0 f   overview_model_sfun_registry.obj
 0001:0000cb40       sf_machine_global_terminator 000000018000db40 f   overview_model_sfun_registry.obj
 0001:0000cb90       sf_register_machine_exported_symbols 000000018000db90 f   overview_model_sfun_registry.obj
 0001:0000cbb0       callCustomFcn              000000018000dbb0 f   overview_model_sfun_registry.obj
 0001:0000cbc0       sf_machine_global_initializer 000000018000dbc0 f   overview_model_sfun_registry.obj
 0001:0000cc40       mdlGetSimState             000000018000dc40 f   overview_model_sfun_registry.obj
 0001:0000cc80       mdlSetSimState             000000018000dc80 f   overview_model_sfun_registry.obj
 0001:0000d4f0       ProcessMexSfunctionEveryCall 000000018000e4f0 f   overview_model_sfun_registry.obj
 0001:0000e560       mexfilerequiredapiversion  000000018000f560 f   c_mexapi_version.obj
 0001:0000e582       sf_load_rtw_optimization_info 000000018000f582 f   sf_runtime:sf_runtime.dll
 0001:0000e588       sf_debug_initialize_machine 000000018000f588 f   sf_runtime:sf_runtime.dll
 0001:0000e58e       sf_debug_set_machine_event_thresholds 000000018000f58e f   sf_runtime:sf_runtime.dll
 0001:0000e594       sf_debug_set_machine_data_thresholds 000000018000f594 f   sf_runtime:sf_runtime.dll
 0001:0000e59a       sf_init_ChartRunTimeInfo   000000018000f59a f   sf_runtime:sf_runtime.dll
 0001:0000e5a0       sf_free_ChartRunTimeInfo   000000018000f5a0 f   sf_runtime:sf_runtime.dll
 0001:0000e5a6       sfrtGetEmlrtCtx            000000018000f5a6 f   sf_runtime:sf_runtime.dll
 0001:0000e5ac       sf_get_chart_instance_ptr  000000018000f5ac f   sf_runtime:sf_runtime.dll
 0001:0000e5b2       sf_rtw_info_uint_prop      000000018000f5b2 f   sf_runtime:sf_runtime.dll
 0001:0000e5b8       sf_update_buildInfo        000000018000f5b8 f   sf_runtime:sf_runtime.dll
 0001:0000e5be       sf_is_chart_inlinable      000000018000f5be f   sf_runtime:sf_runtime.dll
 0001:0000e5c4       sf_mark_chart_reusable_outputs 000000018000f5c4 f   sf_runtime:sf_runtime.dll
 0001:0000e5ca       sf_mark_chart_expressionable_inputs 000000018000f5ca f   sf_runtime:sf_runtime.dll
 0001:0000e5d0       sim_mode_is_rtw_gen        000000018000f5d0 f   sf_runtime:sf_runtime.dll
 0001:0000e5d6       sim_mode_is_external       000000018000f5d6 f   sf_runtime:sf_runtime.dll
 0001:0000e5dc       sim_mode_is_modelref_sim   000000018000f5dc f   sf_runtime:sf_runtime.dll
 0001:0000e5e2       sf_clear_rtw_identifier    000000018000f5e2 f   sf_runtime:sf_runtime.dll
 0001:0000e5e8       sf_set_rtw_dwork_info      000000018000f5e8 f   sf_runtime:sf_runtime.dll
 0001:0000e5ee       sf_get_time                000000018000f5ee f   sf_runtime:sf_runtime.dll
 0001:0000e5f4       sf_is_first_init_cond      000000018000f5f4 f   sf_runtime:sf_runtime.dll
 0001:0000e5fa       sf_set_chart_accesses_machine_info 000000018000f5fa f   sf_runtime:sf_runtime.dll
 0001:0000e600       sf_register_codegen_names_for_scoped_functions_defined_by_chart 000000018000f600 f   sf_runtime:sf_runtime.dll
 0001:0000e606       ssSetBlockIsPurelyCombinatorial_wrapper 000000018000f606 f   sf_runtime:sf_runtime.dll
 0001:0000e60c       sf_mex_error_message       000000018000f60c f   sf_runtime:sf_runtime.dll
 0001:0000e612       sf_mex_create              000000018000f612 f   sf_runtime:sf_runtime.dll
 0001:0000e618       sf_mex_createcellmatrix    000000018000f618 f   sf_runtime:sf_runtime.dll
 0001:0000e61e       sf_mex_setcell             000000018000f61e f   sf_runtime:sf_runtime.dll
 0001:0000e624       sf_mex_getcell             000000018000f624 f   sf_runtime:sf_runtime.dll
 0001:0000e62a       sf_mex_assign              000000018000f62a f   sf_runtime:sf_runtime.dll
 0001:0000e630       sf_mex_dup                 000000018000f630 f   sf_runtime:sf_runtime.dll
 0001:0000e636       sf_mex_destroy             000000018000f636 f   sf_runtime:sf_runtime.dll
 0001:0000e63c       sf_mex_import              000000018000f63c f   sf_runtime:sf_runtime.dll
 0001:0000e642       sf_mex_decode_encoded_mx_struct_array 000000018000f642 f   sf_runtime:sf_runtime.dll
 0001:0000e648       ssGetInputPortSignal_wrapper 000000018000f648 f   sf_runtime:sf_runtime.dll
 0001:0000e64e       ssGetOutputPortSignal_wrapper 000000018000f64e f   sf_runtime:sf_runtime.dll
 0001:0000e654       sf_debug_initialize_chart  000000018000f654 f   sf_runtime:sf_runtime.dll
 0001:0000e65a       sf_debug_call              000000018000f65a f   sf_runtime:sf_runtime.dll
 0001:0000e660       eml_debug_line_call        000000018000f660 f   sf_runtime:sf_runtime.dll
 0001:0000e666       cv_eml_eval                000000018000f666 f   sf_runtime:sf_runtime.dll
 0001:0000e66c       cv_eml_init_script         000000018000f66c f   sf_runtime:sf_runtime.dll
 0001:0000e672       cv_eml_init_fcn            000000018000f672 f   sf_runtime:sf_runtime.dll
 0001:0000e678       sf_debug_reset_current_state_configuration 000000018000f678 f   sf_runtime:sf_runtime.dll
 0001:0000e67e       sf_debug_check_for_state_inconsistency 000000018000f67e f   sf_runtime:sf_runtime.dll
 0001:0000e684       sf_debug_set_chart_data_props 000000018000f684 f   sf_runtime:sf_runtime.dll
 0001:0000e68a       sf_debug_set_chart_data_compiled_props 000000018000f68a f   sf_runtime:sf_runtime.dll
 0001:0000e690       sf_debug_symbol_scope_push 000000018000f690 f   sf_runtime:sf_runtime.dll
 0001:0000e696       sf_debug_symbol_scope_push_eml 000000018000f696 f   sf_runtime:sf_runtime.dll
 0001:0000e69c       sf_debug_symbol_scope_pop  000000018000f69c f   sf_runtime:sf_runtime.dll
 0001:0000e6a2       sf_debug_symbol_scope_add_eml 000000018000f6a2 f   sf_runtime:sf_runtime.dll
 0001:0000e6a8       sf_debug_symbol_scope_add_eml_importable 000000018000f6a8 f   sf_runtime:sf_runtime.dll
 0001:0000e6ae       sf_debug_set_instance_data_value_ptr 000000018000f6ae f   sf_runtime:sf_runtime.dll
 0001:0000e6b4       sf_debug_set_chart_disable_implicit_casting 000000018000f6b4 f   sf_runtime:sf_runtime.dll
 0001:0000e6ba       sf_debug_set_chart_event_thresholds 000000018000f6ba f   sf_runtime:sf_runtime.dll
 0001:0000e6c0       sf_debug_set_chart_state_info 000000018000f6c0 f   sf_runtime:sf_runtime.dll
 0001:0000e6c6       sf_debug_set_chart_decomposition 000000018000f6c6 f   sf_runtime:sf_runtime.dll
 0001:0000e6cc       sf_debug_set_chart_substate_count 000000018000f6cc f   sf_runtime:sf_runtime.dll
 0001:0000e6d2       sf_debug_data_range_wrapper 000000018000f6d2 f   sf_runtime:sf_runtime.dll
 0001:0000e6d8       sf_debug_cv_init_trans     000000018000f6d8 f   sf_runtime:sf_runtime.dll
 0001:0000e6de       sf_debug_cv_init_chart     000000018000f6de f   sf_runtime:sf_runtime.dll
 0001:0000e6e4       sf_debug_cv_init_state     000000018000f6e4 f   sf_runtime:sf_runtime.dll
 0001:0000e6ea       sf_get_ChartInfoStruct_CodeGen 000000018000f6ea f   sf_runtime:sf_runtime.dll
 0001:0000e6f0       sf_get_hasSeparateUpdateOutputs 000000018000f6f0 f   sf_runtime:sf_runtime.dll
 0001:0000e6f6       callMdlMethodAndReportError 000000018000f6f6 f   sf_runtime:sf_runtime.dll
 0001:0000e6fc       call_sf_machine_global_method_dispatcher 000000018000f6fc f   sf_runtime:sf_runtime.dll
 0001:0000e702       getRuntimeInstanceInfoAsVoid 000000018000f702 f   sf_runtime:sf_runtime.dll
 0001:0000e708       sf_mex_error_direct_call   000000018000f708 f   sf_runtime:sf_runtime.dll
 0001:0000e70e       sf_clear_error_manager_info 000000018000f70e f   sf_runtime:sf_runtime.dll
 0001:0000e714       sf_debug_create_debug_instance_struct 000000018000f714 f   sf_runtime:sf_runtime.dll
 0001:0000e71a       sf_debug_terminate         000000018000f71a f   sf_runtime:sf_runtime.dll
 0001:0000e720       sf_debug_api               000000018000f720 f   sf_runtime:sf_runtime.dll
 0001:0000e726       mxIsChar                   000000018000f726 f   libmx:libmx.dll
 0001:0000e72c       mxGetPr                    000000018000f72c f   libmx:libmx.dll
 0001:0000e732       mxGetScalar                000000018000f732 f   libmx:libmx.dll
 0001:0000e738       mxDestroyArray             000000018000f738 f   libmx:libmx.dll
 0001:0000e73e       mxCreateDoubleMatrix_730   000000018000f73e f   libmx:libmx.dll
 0001:0000e744       mxGetString_730            000000018000f744 f   libmx:libmx.dll
 0001:0000e74a       mxDuplicateArray           000000018000f74a f   libmx:libmx.dll
 0001:0000e750       mxSetField_730             000000018000f750 f   libmx:libmx.dll
 0001:0000e756       mxCreateDoubleScalar       000000018000f756 f   libmx:libmx.dll
 0001:0000e75c       mxCreateString             000000018000f75c f   libmx:libmx.dll
 0001:0000e762       mxCreateCellMatrix_730     000000018000f762 f   libmx:libmx.dll
 0001:0000e768       mxCreateCellArray_730      000000018000f768 f   libmx:libmx.dll
 0001:0000e76e       mxCreateStructMatrix_730   000000018000f76e f   libmx:libmx.dll
 0001:0000e774       mxCreateStructArray_730    000000018000f774 f   libmx:libmx.dll
 0001:0000e77a       mxCalloc                   000000018000f77a f   libmx:libmx.dll
 0001:0000e780       mxGetM                     000000018000f780 f   libmx:libmx.dll
 0001:0000e786       mxGetClassID               000000018000f786 f   libmx:libmx.dll
 0001:0000e78c       mxIsNumeric                000000018000f78c f   libmx:libmx.dll
 0001:0000e792       mxIsComplex                000000018000f792 f   libmx:libmx.dll
 0001:0000e798       mxGetN                     000000018000f798 f   libmx:libmx.dll
 0001:0000e79e       mexMakeArrayPersistent     000000018000f79e f   libmex:libmex.dll
 0001:0000e7a4       mexErrMsgTxt               000000018000f7a4 f   libmex:libmex.dll
 0001:0000e7aa       mexWarnMsgTxt              000000018000f7aa f   libmex:libmex.dll
 0001:0000e7b0       mexCallMATLABWithObject    000000018000f7b0 f   libmex:libmex.dll
 0001:0000e7b6       mexLock                    000000018000f7b6 f   libmex:libmex.dll
 0001:0000e7bc       mexUnlock                  000000018000f7bc f   libmex:libmex.dll
 0001:0000e7c2       mexIsLocked                000000018000f7c2 f   libmex:libmex.dll
 0001:0000e7c8       utMalloc                   000000018000f7c8 f   libut:libut.dll
 0001:0000e7ce       utFree                     000000018000f7ce f   libut:libut.dll
 0001:0000e7d4       __raise_securityfailure    000000018000f7d4 f   MSVCRT:gs_report.obj
 0001:0000e820       __report_gsfailure         000000018000f820 f   MSVCRT:gs_report.obj
 0001:0000e8f4       __report_rangecheckfailure 000000018000f8f4 f   MSVCRT:gs_report.obj
 0001:0000e908       __report_securityfailure   000000018000f908 f   MSVCRT:gs_report.obj
 0001:0000e9a4       __report_securityfailureEx 000000018000f9a4 f   MSVCRT:gs_report.obj
 0001:0000eab2       strcmp                     000000018000fab2 f   MSVCRT:MSVCR120.dll
 0001:0000eab8       __GSHandlerCheck           000000018000fab8 f   MSVCRT:gshandler.obj
 0001:0000ead8       __GSHandlerCheckCommon     000000018000fad8 f   MSVCRT:gshandler.obj
 0001:0000eb50       __security_check_cookie    000000018000fb50 f   MSVCRT:amdsecgs.obj
 0001:0000eb70       memset                     000000018000fb70 f   MSVCRT:MSVCR120.dll
 0001:0000eb76       sprintf                    000000018000fb76 f   MSVCRT:MSVCR120.dll
 0001:0000eb7c       free                       000000018000fb7c f   MSVCRT:MSVCR120.dll
 0001:0000eb82       malloc                     000000018000fb82 f   MSVCRT:MSVCR120.dll
 0001:0000eb88       memcpy                     000000018000fb88 f   MSVCRT:MSVCR120.dll
 0001:0000eb8e       strlen                     000000018000fb8e f   MSVCRT:MSVCR120.dll
 0001:0000ebf4       NtCurrentTeb               000000018000fbf4 f i MSVCRT:crtdll.obj
 0001:0000ec00       _CRT_INIT                  000000018000fc00 f   MSVCRT:crtdll.obj
 0001:0000ee4c       _DllMainCRTStartup         000000018000fe4c f   MSVCRT:crtdll.obj
 0001:0000efc2       __crt_debugger_hook        000000018000ffc2 f   MSVCRT:MSVCR120.dll
 0001:0000efc8       __crtUnhandledException    000000018000ffc8 f   MSVCRT:MSVCR120.dll
 0001:0000efce       __crtTerminateProcess      000000018000ffce f   MSVCRT:MSVCR120.dll
 0001:0000efd4       __crtCaptureCurrentContext 000000018000ffd4 f   MSVCRT:MSVCR120.dll
 0001:0000efda       __crtCapturePreviousContext 000000018000ffda f   MSVCRT:MSVCR120.dll
 0001:0000efe0       __CppXcptFilter            000000018000ffe0 f   MSVCRT:MSVCR120.dll
 0001:0000efe6       _amsg_exit                 000000018000ffe6 f   MSVCRT:MSVCR120.dll
 0001:0000eff0       _FindPESection             000000018000fff0 f   MSVCRT:pesect.obj
 0001:0000f040       _IsNonwritableInCurrentImage 0000000180010040 f   MSVCRT:pesect.obj
 0001:0000f090       _ValidateImageBase         0000000180010090 f   MSVCRT:pesect.obj
 0001:0000f0c0       __atonexitinit             00000001800100c0 f   MSVCRT:atonexit.obj
 0001:0000f110       _onexit                    0000000180010110 f   MSVCRT:atonexit.obj
 0001:0000f1c0       atexit                     00000001800101c0 f   MSVCRT:atonexit.obj
 0001:0000f1d8       __security_init_cookie     00000001800101d8 f   MSVCRT:gs_support.obj
 0001:0000f284       DllMain                    0000000180010284 f   MSVCRT:dllmain.obj
 0001:0000f2a8       _malloc_crt                00000001800102a8 f   MSVCRT:MSVCR120.dll
 0001:0000f2b0       _RTC_Initialize            00000001800102b0 f   MSVCRT:initsect.obj
 0001:0000f2e8       _RTC_Terminate             00000001800102e8 f   MSVCRT:initsect.obj
 0001:0000f320       _initterm                  0000000180010320 f   MSVCRT:MSVCR120.dll
 0001:0000f326       _initterm_e                0000000180010326 f   MSVCRT:MSVCR120.dll
 0001:0000f32c       __clean_type_info_names    000000018001032c f   MSVCRT:tncleanup.obj
 0001:0000f338       __C_specific_handler       0000000180010338 f   MSVCRT:MSVCR120.dll
 0001:0000f33e       _lock                      000000018001033e f   MSVCRT:MSVCR120.dll
 0001:0000f344       _unlock                    0000000180010344 f   MSVCRT:MSVCR120.dll
 0001:0000f34a       _calloc_crt                000000018001034a f   MSVCRT:MSVCR120.dll
 0001:0000f350       __dllonexit                0000000180010350 f   MSVCRT:MSVCR120.dll
 0001:0000f356       __clean_type_info_names_internal 0000000180010356 f   MSVCRT:MSVCR120.dll
 0001:0000f35c       IsDebuggerPresent          000000018001035c f   kernel32:KERNEL32.dll
 0001:0000f362       IsProcessorFeaturePresent  0000000180010362 f   kernel32:KERNEL32.dll
 0001:0000f368       EncodePointer              0000000180010368 f   kernel32:KERNEL32.dll
 0001:0000f36e       DecodePointer              000000018001036e f   kernel32:KERNEL32.dll
 0001:0000f374       QueryPerformanceCounter    0000000180010374 f   kernel32:KERNEL32.dll
 0001:0000f37a       GetCurrentProcessId        000000018001037a f   kernel32:KERNEL32.dll
 0001:0000f380       GetCurrentThreadId         0000000180010380 f   kernel32:KERNEL32.dll
 0001:0000f386       GetSystemTimeAsFileTime    0000000180010386 f   kernel32:KERNEL32.dll
 0001:0000f38c       DisableThreadLibraryCalls  000000018001038c f   kernel32:KERNEL32.dll
 0002:00000000       __imp_GetSystemTimeAsFileTime 0000000180011000     kernel32:KERNEL32.dll
 0002:00000008       __imp_GetCurrentThreadId   0000000180011008     kernel32:KERNEL32.dll
 0002:00000010       __imp_GetCurrentProcessId  0000000180011010     kernel32:KERNEL32.dll
 0002:00000018       __imp_QueryPerformanceCounter 0000000180011018     kernel32:KERNEL32.dll
 0002:00000020       __imp_DecodePointer        0000000180011020     kernel32:KERNEL32.dll
 0002:00000028       __imp_EncodePointer        0000000180011028     kernel32:KERNEL32.dll
 0002:00000030       __imp_IsProcessorFeaturePresent 0000000180011030     kernel32:KERNEL32.dll
 0002:00000038       __imp_IsDebuggerPresent    0000000180011038     kernel32:KERNEL32.dll
 0002:00000040       __imp_DisableThreadLibraryCalls 0000000180011040     kernel32:KERNEL32.dll
 0002:00000048       \177KERNEL32_NULL_THUNK_DATA 0000000180011048     kernel32:KERNEL32.dll
 0002:00000050       __imp___clean_type_info_names_internal 0000000180011050     MSVCRT:MSVCR120.dll
 0002:00000058       __imp__onexit              0000000180011058     MSVCRT:MSVCR120.dll
 0002:00000060       __imp___dllonexit          0000000180011060     MSVCRT:MSVCR120.dll
 0002:00000068       __imp__calloc_crt          0000000180011068     MSVCRT:MSVCR120.dll
 0002:00000070       __imp__unlock              0000000180011070     MSVCRT:MSVCR120.dll
 0002:00000078       __imp__lock                0000000180011078     MSVCRT:MSVCR120.dll
 0002:00000080       __imp___C_specific_handler 0000000180011080     MSVCRT:MSVCR120.dll
 0002:00000088       __imp__initterm_e          0000000180011088     MSVCRT:MSVCR120.dll
 0002:00000090       __imp__initterm            0000000180011090     MSVCRT:MSVCR120.dll
 0002:00000098       __imp__malloc_crt          0000000180011098     MSVCRT:MSVCR120.dll
 0002:000000a0       __imp__amsg_exit           00000001800110a0     MSVCRT:MSVCR120.dll
 0002:000000a8       __imp___CppXcptFilter      00000001800110a8     MSVCRT:MSVCR120.dll
 0002:000000b0       __imp___crtCapturePreviousContext 00000001800110b0     MSVCRT:MSVCR120.dll
 0002:000000b8       __imp___crtCaptureCurrentContext 00000001800110b8     MSVCRT:MSVCR120.dll
 0002:000000c0       __imp___crtTerminateProcess 00000001800110c0     MSVCRT:MSVCR120.dll
 0002:000000c8       __imp___crtUnhandledException 00000001800110c8     MSVCRT:MSVCR120.dll
 0002:000000d0       __imp___crt_debugger_hook  00000001800110d0     MSVCRT:MSVCR120.dll
 0002:000000d8       __imp_strlen               00000001800110d8     MSVCRT:MSVCR120.dll
 0002:000000e0       __imp_memcpy               00000001800110e0     MSVCRT:MSVCR120.dll
 0002:000000e8       __imp_malloc               00000001800110e8     MSVCRT:MSVCR120.dll
 0002:000000f0       __imp_free                 00000001800110f0     MSVCRT:MSVCR120.dll
 0002:000000f8       __imp_sprintf              00000001800110f8     MSVCRT:MSVCR120.dll
 0002:00000100       __imp_memset               0000000180011100     MSVCRT:MSVCR120.dll
 0002:00000108       __imp_strcmp               0000000180011108     MSVCRT:MSVCR120.dll
 0002:00000110       \177MSVCR120_NULL_THUNK_DATA 0000000180011110     MSVCRT:MSVCR120.dll
 0002:00000118       __imp_mexIsLocked          0000000180011118     libmex:libmex.dll
 0002:00000120       __imp_mexUnlock            0000000180011120     libmex:libmex.dll
 0002:00000128       __imp_mexLock              0000000180011128     libmex:libmex.dll
 0002:00000130       __imp_mexCallMATLABWithObject 0000000180011130     libmex:libmex.dll
 0002:00000138       __imp_mexWarnMsgTxt        0000000180011138     libmex:libmex.dll
 0002:00000140       __imp_mexErrMsgTxt         0000000180011140     libmex:libmex.dll
 0002:00000148       __imp_mexMakeArrayPersistent 0000000180011148     libmex:libmex.dll
 0002:00000150       \177libmex_NULL_THUNK_DATA 0000000180011150     libmex:libmex.dll
 0002:00000158       __imp_mxGetN               0000000180011158     libmx:libmx.dll
 0002:00000160       __imp_mxIsComplex          0000000180011160     libmx:libmx.dll
 0002:00000168       __imp_mxIsNumeric          0000000180011168     libmx:libmx.dll
 0002:00000170       __imp_mxGetClassID         0000000180011170     libmx:libmx.dll
 0002:00000178       __imp_mxGetM               0000000180011178     libmx:libmx.dll
 0002:00000180       __imp_mxCalloc             0000000180011180     libmx:libmx.dll
 0002:00000188       __imp_mxCreateStructArray_730 0000000180011188     libmx:libmx.dll
 0002:00000190       __imp_mxCreateStructMatrix_730 0000000180011190     libmx:libmx.dll
 0002:00000198       __imp_mxCreateCellArray_730 0000000180011198     libmx:libmx.dll
 0002:000001a0       __imp_mxCreateCellMatrix_730 00000001800111a0     libmx:libmx.dll
 0002:000001a8       __imp_mxCreateString       00000001800111a8     libmx:libmx.dll
 0002:000001b0       __imp_mxCreateDoubleScalar 00000001800111b0     libmx:libmx.dll
 0002:000001b8       __imp_mxSetField_730       00000001800111b8     libmx:libmx.dll
 0002:000001c0       __imp_mxDuplicateArray     00000001800111c0     libmx:libmx.dll
 0002:000001c8       __imp_mxGetString_730      00000001800111c8     libmx:libmx.dll
 0002:000001d0       __imp_mxCreateDoubleMatrix_730 00000001800111d0     libmx:libmx.dll
 0002:000001d8       __imp_mxDestroyArray       00000001800111d8     libmx:libmx.dll
 0002:000001e0       __imp_mxGetPr              00000001800111e0     libmx:libmx.dll
 0002:000001e8       __imp_mxIsChar             00000001800111e8     libmx:libmx.dll
 0002:000001f0       __imp_mxGetScalar          00000001800111f0     libmx:libmx.dll
 0002:000001f8       \177libmx_NULL_THUNK_DATA  00000001800111f8     libmx:libmx.dll
 0002:00000200       __imp_utMalloc             0000000180011200     libut:libut.dll
 0002:00000208       __imp_utFree               0000000180011208     libut:libut.dll
 0002:00000210       \177libut_NULL_THUNK_DATA  0000000180011210     libut:libut.dll
 0002:00000218       __imp_sf_debug_create_debug_instance_struct 0000000180011218     sf_runtime:sf_runtime.dll
 0002:00000220       __imp_sf_update_buildInfo  0000000180011220     sf_runtime:sf_runtime.dll
 0002:00000228       __imp_call_sf_machine_global_method_dispatcher 0000000180011228     sf_runtime:sf_runtime.dll
 0002:00000230       __imp_callMdlMethodAndReportError 0000000180011230     sf_runtime:sf_runtime.dll
 0002:00000238       __imp_sf_get_hasSeparateUpdateOutputs 0000000180011238     sf_runtime:sf_runtime.dll
 0002:00000240       __imp_sf_is_chart_inlinable 0000000180011240     sf_runtime:sf_runtime.dll
 0002:00000248       __imp_sf_get_ChartInfoStruct_CodeGen 0000000180011248     sf_runtime:sf_runtime.dll
 0002:00000250       __imp_sf_debug_cv_init_state 0000000180011250     sf_runtime:sf_runtime.dll
 0002:00000258       __imp_sf_debug_cv_init_chart 0000000180011258     sf_runtime:sf_runtime.dll
 0002:00000260       __imp_sf_debug_cv_init_trans 0000000180011260     sf_runtime:sf_runtime.dll
 0002:00000268       __imp_sf_debug_data_range_wrapper 0000000180011268     sf_runtime:sf_runtime.dll
 0002:00000270       __imp_sf_debug_set_chart_substate_count 0000000180011270     sf_runtime:sf_runtime.dll
 0002:00000278       __imp_sf_debug_set_chart_decomposition 0000000180011278     sf_runtime:sf_runtime.dll
 0002:00000280       __imp_sf_debug_set_chart_state_info 0000000180011280     sf_runtime:sf_runtime.dll
 0002:00000288       __imp_sf_debug_set_chart_event_thresholds 0000000180011288     sf_runtime:sf_runtime.dll
 0002:00000290       __imp_sf_clear_error_manager_info 0000000180011290     sf_runtime:sf_runtime.dll
 0002:00000298       __imp_sf_debug_set_instance_data_value_ptr 0000000180011298     sf_runtime:sf_runtime.dll
 0002:000002a0       __imp_sf_debug_symbol_scope_add_eml_importable 00000001800112a0     sf_runtime:sf_runtime.dll
 0002:000002a8       __imp_sf_debug_symbol_scope_add_eml 00000001800112a8     sf_runtime:sf_runtime.dll
 0002:000002b0       __imp_sf_debug_symbol_scope_pop 00000001800112b0     sf_runtime:sf_runtime.dll
 0002:000002b8       __imp_sf_debug_symbol_scope_push_eml 00000001800112b8     sf_runtime:sf_runtime.dll
 0002:000002c0       __imp_sf_debug_symbol_scope_push 00000001800112c0     sf_runtime:sf_runtime.dll
 0002:000002c8       __imp_sf_debug_set_chart_data_compiled_props 00000001800112c8     sf_runtime:sf_runtime.dll
 0002:000002d0       __imp_sf_debug_set_chart_data_props 00000001800112d0     sf_runtime:sf_runtime.dll
 0002:000002d8       __imp_sf_debug_check_for_state_inconsistency 00000001800112d8     sf_runtime:sf_runtime.dll
 0002:000002e0       __imp_sf_debug_reset_current_state_configuration 00000001800112e0     sf_runtime:sf_runtime.dll
 0002:000002e8       __imp_cv_eml_init_fcn      00000001800112e8     sf_runtime:sf_runtime.dll
 0002:000002f0       __imp_cv_eml_init_script   00000001800112f0     sf_runtime:sf_runtime.dll
 0002:000002f8       __imp_cv_eml_eval          00000001800112f8     sf_runtime:sf_runtime.dll
 0002:00000300       __imp_eml_debug_line_call  0000000180011300     sf_runtime:sf_runtime.dll
 0002:00000308       __imp_sf_debug_call        0000000180011308     sf_runtime:sf_runtime.dll
 0002:00000310       __imp_sf_debug_initialize_chart 0000000180011310     sf_runtime:sf_runtime.dll
 0002:00000318       __imp_sf_mex_error_direct_call 0000000180011318     sf_runtime:sf_runtime.dll
 0002:00000320       __imp_sf_debug_set_chart_disable_implicit_casting 0000000180011320     sf_runtime:sf_runtime.dll
 0002:00000328       __imp_getRuntimeInstanceInfoAsVoid 0000000180011328     sf_runtime:sf_runtime.dll
 0002:00000330       __imp_ssGetOutputPortSignal_wrapper 0000000180011330     sf_runtime:sf_runtime.dll
 0002:00000338       __imp_ssGetInputPortSignal_wrapper 0000000180011338     sf_runtime:sf_runtime.dll
 0002:00000340       __imp_sf_mex_decode_encoded_mx_struct_array 0000000180011340     sf_runtime:sf_runtime.dll
 0002:00000348       __imp_sf_mex_import        0000000180011348     sf_runtime:sf_runtime.dll
 0002:00000350       __imp_sf_mex_destroy       0000000180011350     sf_runtime:sf_runtime.dll
 0002:00000358       __imp_sf_mex_dup           0000000180011358     sf_runtime:sf_runtime.dll
 0002:00000360       __imp_sf_mex_assign        0000000180011360     sf_runtime:sf_runtime.dll
 0002:00000368       __imp_sf_mex_getcell       0000000180011368     sf_runtime:sf_runtime.dll
 0002:00000370       __imp_sf_mex_setcell       0000000180011370     sf_runtime:sf_runtime.dll
 0002:00000378       __imp_sf_mex_createcellmatrix 0000000180011378     sf_runtime:sf_runtime.dll
 0002:00000380       __imp_sf_mex_create        0000000180011380     sf_runtime:sf_runtime.dll
 0002:00000388       __imp_sf_mex_error_message 0000000180011388     sf_runtime:sf_runtime.dll
 0002:00000390       __imp_ssSetBlockIsPurelyCombinatorial_wrapper 0000000180011390     sf_runtime:sf_runtime.dll
 0002:00000398       __imp_sf_register_codegen_names_for_scoped_functions_defined_by_chart 0000000180011398     sf_runtime:sf_runtime.dll
 0002:000003a0       __imp_sf_set_chart_accesses_machine_info 00000001800113a0     sf_runtime:sf_runtime.dll
 0002:000003a8       __imp_sf_is_first_init_cond 00000001800113a8     sf_runtime:sf_runtime.dll
 0002:000003b0       __imp_sf_get_time          00000001800113b0     sf_runtime:sf_runtime.dll
 0002:000003b8       __imp_sf_set_rtw_dwork_info 00000001800113b8     sf_runtime:sf_runtime.dll
 0002:000003c0       __imp_sf_clear_rtw_identifier 00000001800113c0     sf_runtime:sf_runtime.dll
 0002:000003c8       __imp_sim_mode_is_modelref_sim 00000001800113c8     sf_runtime:sf_runtime.dll
 0002:000003d0       __imp_sim_mode_is_external 00000001800113d0     sf_runtime:sf_runtime.dll
 0002:000003d8       __imp_sim_mode_is_rtw_gen  00000001800113d8     sf_runtime:sf_runtime.dll
 0002:000003e0       __imp_sf_mark_chart_expressionable_inputs 00000001800113e0     sf_runtime:sf_runtime.dll
 0002:000003e8       __imp_sf_mark_chart_reusable_outputs 00000001800113e8     sf_runtime:sf_runtime.dll
 0002:000003f0       __imp_sf_debug_api         00000001800113f0     sf_runtime:sf_runtime.dll
 0002:000003f8       __imp_sf_rtw_info_uint_prop 00000001800113f8     sf_runtime:sf_runtime.dll
 0002:00000400       __imp_sf_get_chart_instance_ptr 0000000180011400     sf_runtime:sf_runtime.dll
 0002:00000408       __imp_sfrtGetEmlrtCtx      0000000180011408     sf_runtime:sf_runtime.dll
 0002:00000410       __imp_sf_free_ChartRunTimeInfo 0000000180011410     sf_runtime:sf_runtime.dll
 0002:00000418       __imp_sf_init_ChartRunTimeInfo 0000000180011418     sf_runtime:sf_runtime.dll
 0002:00000420       __imp_sf_debug_set_machine_data_thresholds 0000000180011420     sf_runtime:sf_runtime.dll
 0002:00000428       __imp_sf_debug_set_machine_event_thresholds 0000000180011428     sf_runtime:sf_runtime.dll
 0002:00000430       __imp_sf_debug_initialize_machine 0000000180011430     sf_runtime:sf_runtime.dll
 0002:00000438       __imp_sf_debug_terminate   0000000180011438     sf_runtime:sf_runtime.dll
 0002:00000440       __imp_sf_load_rtw_optimization_info 0000000180011440     sf_runtime:sf_runtime.dll
 0002:00000448       \177sf_runtime_NULL_THUNK_DATA 0000000180011448     sf_runtime:sf_runtime.dll
 0002:00000450       __xc_a                     0000000180011450     MSVCRT:cinitexe.obj
 0002:00000458       __xc_z                     0000000180011458     MSVCRT:cinitexe.obj
 0002:00000460       __xi_a                     0000000180011460     MSVCRT:cinitexe.obj
 0002:00000478       __xi_z                     0000000180011478     MSVCRT:cinitexe.obj
 0002:00000480       __real@41bcb3ffa6000000    0000000180011480     overview_model_sfun.obj
 0002:00000488       __real@41c65cced5000000    0000000180011488     overview_model_sfun.obj
 0002:00000490       __real@41ce957667800000    0000000180011490     overview_model_sfun.obj
 0002:00000498       __real@41ced3bf04000000    0000000180011498     overview_model_sfun.obj
 0002:000004a0       __real@41d2e2d180000000    00000001800114a0     overview_model_sfun.obj
 0002:000004a8       __real@41e43eeaf9a00000    00000001800114a8     overview_model_sfun.obj
 0002:000004b0       __real@41e5b91c62800000    00000001800114b0     overview_model_sfun.obj
 0002:000004b8       __real@41e771b5aba00000    00000001800114b8     overview_model_sfun.obj
 0002:000004c0       __real@41eb23e1f3800000    00000001800114c0     overview_model_sfun.obj
 0002:000004c8       __real@41ed4b84e9000000    00000001800114c8     overview_model_sfun.obj
 0002:000004d0       __real@41ed9c3f15a00000    00000001800114d0     overview_model_sfun.obj
 0002:000004d8       __real@41eecdd122800000    00000001800114d8     overview_model_sfun.obj
 0002:000004e0       __real@3ff0000000000000    00000001800114e0     c1_overview_model.obj
 0002:000004e8       __real@4008000000000000    00000001800114e8     c1_overview_model.obj
 0002:000004f0       __real@4010000000000000    00000001800114f0     c1_overview_model.obj
 0002:000004f8       __real@4018000000000000    00000001800114f8     c1_overview_model.obj
 0002:00000500       __real@4024000000000000    0000000180011500     c1_overview_model.obj
 0002:00000508       __real@404e000000000000    0000000180011508     c1_overview_model.obj
 0002:00000510       __real@41c6bbe659800000    0000000180011510     c1_overview_model.obj
 0002:00000518       __real@41dcbd9fae800000    0000000180011518     c1_overview_model.obj
 0002:00000520       __real@41df24f561400000    0000000180011520     c1_overview_model.obj
 0002:00000528       __real@41e8a8afb0e00000    0000000180011528     c1_overview_model.obj
 0002:00000530       DYNAMIC_DIMENSION_DEF      0000000180011530     overview_model_sfun_registry.obj
 0002:00000548       __real@0000000000000000    0000000180011548     overview_model_sfun_registry.obj
 0002:00000550       __real@41602cbca0000000    0000000180011550     overview_model_sfun_registry.obj
 0002:00000558       __real@bff0000000000000    0000000180011558     overview_model_sfun_registry.obj
 0002:00000570       _pRawDllMain               0000000180011570     MSVCRT:crtdll.obj
 0002:00000570       _pDefaultRawDllMain        0000000180011570     MSVCRT:crtdll.obj
 0002:00000578       ?ProcessDetach@NativeDll@<CrtImplementationDetails>@@0IB 0000000180011578     MSVCRT:initsect.obj
 0002:0000057c       ?ProcessAttach@NativeDll@<CrtImplementationDetails>@@0IB 000000018001157c     MSVCRT:initsect.obj
 0002:00000580       ?ThreadAttach@NativeDll@<CrtImplementationDetails>@@0IB 0000000180011580     MSVCRT:initsect.obj
 0002:00000584       ?ThreadDetach@NativeDll@<CrtImplementationDetails>@@0IB 0000000180011584     MSVCRT:initsect.obj
 0002:00000588       ?ProcessVerifier@NativeDll@<CrtImplementationDetails>@@0IB 0000000180011588     MSVCRT:initsect.obj
 0002:0000058c       ?value@?$integral_constant@_N$0A@@std@@2_NB 000000018001158c     MSVCRT:tncleanup.obj
 0002:0000058d       ?value@?$integral_constant@_N$00@std@@2_NB 000000018001158d     MSVCRT:tncleanup.obj
 0002:00000590       _load_config_used          0000000180011590     MSVCRT:loadcfg.obj
 0002:00000600       __rtc_iaa                  0000000180011600     MSVCRT:initsect.obj
 0002:00000608       __rtc_izz                  0000000180011608     MSVCRT:initsect.obj
 0002:00000610       __rtc_taa                  0000000180011610     MSVCRT:initsect.obj
 0002:00000618       __rtc_tzz                  0000000180011618     MSVCRT:initsect.obj
 0002:00000e50       __IMPORT_DESCRIPTOR_sf_runtime 0000000180011e50     sf_runtime:sf_runtime.dll
 0002:00000e64       __IMPORT_DESCRIPTOR_libmx  0000000180011e64     libmx:libmx.dll
 0002:00000e78       __IMPORT_DESCRIPTOR_libmex 0000000180011e78     libmex:libmex.dll
 0002:00000e8c       __IMPORT_DESCRIPTOR_libut  0000000180011e8c     libut:libut.dll
 0002:00000ea0       __IMPORT_DESCRIPTOR_MSVCR120 0000000180011ea0     MSVCRT:MSVCR120.dll
 0002:00000eb4       __IMPORT_DESCRIPTOR_KERNEL32 0000000180011eb4     kernel32:KERNEL32.dll
 0002:00000ec8       __NULL_IMPORT_DESCRIPTOR   0000000180011ec8     sf_runtime:sf_runtime.dll
 0003:00001a08       DYNAMIC_DIMENSION          0000000180014a08     overview_model_sfun_registry.obj
 0003:00002c90       __security_cookie          0000000180015c90     MSVCRT:gs_cookie.obj
 0003:00002c98       __security_cookie_complement 0000000180015c98     MSVCRT:gs_cookie.obj
 0003:00002ca0       _fltused                   0000000180015ca0     MSVCRT:dllsupp.obj
 0003:00002ca4       __native_dllmain_reason    0000000180015ca4     MSVCRT:natstart.obj
 0003:00002cd8       sfGlobalDebugInstanceStruct 0000000180015cd8     overview_model_sfun_registry.obj
 0003:00004258       ?__type_info_root_node@@3U__type_info_node@@A 0000000180017258     MSVCRT:tncleanup.obj
 0003:00004268       _overview_modelMachineNumber_ 0000000180017268     <common>
 0003:00004270       __native_startup_lock      0000000180017270     <common>
 0003:00004278       __native_startup_state     0000000180017278     <common>
 0003:00004280       __onexitend                0000000180017280     <common>
 0003:00004288       __onexitbegin              0000000180017288     <common>
 0003:00004290       __dyn_tls_init_callback    0000000180017290     <common>

 entry point at        0001:0000ee4c

 Static symbols

 0000:00000000       .debug$S                   0000000180000000     libmx:libmx.dll
 0000:00000000       .debug$S                   0000000180000000     sf_runtime:sf_runtime.dll
 0000:00000000       .debug$S                   0000000180000000     sf_runtime:sf_runtime.dll
 0000:00000000       .debug$S                   0000000180000000     sf_runtime:sf_runtime.dll
 0000:00000000       .debug$S                   0000000180000000     sf_runtime:sf_runtime.dll
 0000:00000000       .debug$S                   0000000180000000     sf_runtime:sf_runtime.dll
 0000:00000000       .debug$S                   0000000180000000     sf_runtime:sf_runtime.dll
 0000:00000000       .debug$S                   0000000180000000     kernel32:KERNEL32.dll
 0000:00000000       .debug$S                   0000000180000000     kernel32:KERNEL32.dll
 0000:00000000       .debug$S                   0000000180000000     kernel32:KERNEL32.dll
 0000:00000000       .debug$S                   0000000180000000     kernel32:KERNEL32.dll
 0000:00000000       .debug$S                   0000000180000000     kernel32:KERNEL32.dll
 0000:00000000       .debug$S                   0000000180000000     kernel32:KERNEL32.dll
 0000:00000000       .debug$S                   0000000180000000     kernel32:KERNEL32.dll
 0000:00000000       .debug$S                   0000000180000000     kernel32:KERNEL32.dll
 0000:00000000       .debug$S                   0000000180000000     kernel32:KERNEL32.dll
 0000:00000000       .debug$S                   0000000180000000     MSVCRT:MSVCR120.dll
 0000:00000000       .debug$S                   0000000180000000     MSVCRT:MSVCR120.dll
 0000:00000000       .debug$S                   0000000180000000     MSVCRT:MSVCR120.dll
 0000:00000000       .debug$S                   0000000180000000     MSVCRT:MSVCR120.dll
 0000:00000000       .debug$S                   0000000180000000     MSVCRT:MSVCR120.dll
 0000:00000000       .debug$S                   0000000180000000     MSVCRT:MSVCR120.dll
 0000:00000000       .debug$S                   0000000180000000     MSVCRT:MSVCR120.dll
 0000:00000000       .debug$S                   0000000180000000     MSVCRT:MSVCR120.dll
 0000:00000000       .debug$S                   0000000180000000     MSVCRT:MSVCR120.dll
 0000:00000000       .debug$S                   0000000180000000     MSVCRT:MSVCR120.dll
 0000:00000000       .debug$S                   0000000180000000     MSVCRT:MSVCR120.dll
 0000:00000000       .debug$S                   0000000180000000     MSVCRT:MSVCR120.dll
 0000:00000000       .debug$S                   0000000180000000     MSVCRT:MSVCR120.dll
 0000:00000000       .debug$S                   0000000180000000     MSVCRT:MSVCR120.dll
 0000:00000000       .debug$S                   0000000180000000     MSVCRT:MSVCR120.dll
 0000:00000000       .debug$S                   0000000180000000     MSVCRT:MSVCR120.dll
 0000:00000000       .debug$S                   0000000180000000     MSVCRT:MSVCR120.dll
 0000:00000000       .debug$S                   0000000180000000     MSVCRT:MSVCR120.dll
 0000:00000000       .debug$S                   0000000180000000     MSVCRT:MSVCR120.dll
 0000:00000000       .debug$S                   0000000180000000     MSVCRT:MSVCR120.dll
 0000:00000000       .debug$S                   0000000180000000     MSVCRT:MSVCR120.dll
 0000:00000000       .debug$S                   0000000180000000     MSVCRT:MSVCR120.dll
 0000:00000000       .debug$S                   0000000180000000     MSVCRT:MSVCR120.dll
 0000:00000000       .debug$S                   0000000180000000     MSVCRT:MSVCR120.dll
 0000:00000000       .debug$S                   0000000180000000     sf_runtime:sf_runtime.dll
 0000:00000000       .debug$S                   0000000180000000     sf_runtime:sf_runtime.dll
 0000:00000000       .debug$S                   0000000180000000     sf_runtime:sf_runtime.dll
 0000:00000000       .debug$S                   0000000180000000     sf_runtime:sf_runtime.dll
 0000:00000000       .debug$S                   0000000180000000     sf_runtime:sf_runtime.dll
 0000:00000000       .debug$S                   0000000180000000     sf_runtime:sf_runtime.dll
 0000:00000000       .debug$S                   0000000180000000     sf_runtime:sf_runtime.dll
 0000:00000000       .debug$S                   0000000180000000     sf_runtime:sf_runtime.dll
 0000:00000000       .debug$S                   0000000180000000     sf_runtime:sf_runtime.dll
 0000:00000000       .debug$S                   0000000180000000     sf_runtime:sf_runtime.dll
 0000:00000000       .debug$S                   0000000180000000     sf_runtime:sf_runtime.dll
 0000:00000000       .debug$S                   0000000180000000     sf_runtime:sf_runtime.dll
 0000:00000000       .debug$S                   0000000180000000     sf_runtime:sf_runtime.dll
 0000:00000000       .debug$S                   0000000180000000     sf_runtime:sf_runtime.dll
 0000:00000000       .debug$S                   0000000180000000     sf_runtime:sf_runtime.dll
 0000:00000000       .debug$S                   0000000180000000     sf_runtime:sf_runtime.dll
 0000:00000000       .debug$S                   0000000180000000     sf_runtime:sf_runtime.dll
 0000:00000000       .debug$S                   0000000180000000     sf_runtime:sf_runtime.dll
 0000:00000000       .debug$S                   0000000180000000     sf_runtime:sf_runtime.dll
 0000:00000000       .debug$S                   0000000180000000     sf_runtime:sf_runtime.dll
 0000:00000000       .debug$S                   0000000180000000     sf_runtime:sf_runtime.dll
 0000:00000000       .debug$S                   0000000180000000     sf_runtime:sf_runtime.dll
 0000:00000000       .debug$S                   0000000180000000     sf_runtime:sf_runtime.dll
 0000:00000000       .debug$S                   0000000180000000     sf_runtime:sf_runtime.dll
 0000:00000000       .debug$S                   0000000180000000     sf_runtime:sf_runtime.dll
 0000:00000000       .debug$S                   0000000180000000     sf_runtime:sf_runtime.dll
 0000:00000000       .debug$S                   0000000180000000     sf_runtime:sf_runtime.dll
 0000:00000000       .debug$S                   0000000180000000     sf_runtime:sf_runtime.dll
 0000:00000000       .debug$S                   0000000180000000     sf_runtime:sf_runtime.dll
 0000:00000000       .debug$S                   0000000180000000     sf_runtime:sf_runtime.dll
 0000:00000000       .debug$S                   0000000180000000     sf_runtime:sf_runtime.dll
 0000:00000000       .debug$S                   0000000180000000     sf_runtime:sf_runtime.dll
 0000:00000000       .debug$S                   0000000180000000     sf_runtime:sf_runtime.dll
 0000:00000000       .debug$S                   0000000180000000     sf_runtime:sf_runtime.dll
 0000:00000000       .debug$S                   0000000180000000     sf_runtime:sf_runtime.dll
 0000:00000000       .debug$S                   0000000180000000     sf_runtime:sf_runtime.dll
 0000:00000000       .debug$S                   0000000180000000     libut:libut.dll
 0000:00000000       .debug$S                   0000000180000000     libut:libut.dll
 0000:00000000       .debug$S                   0000000180000000     sf_runtime:sf_runtime.dll
 0000:00000000       .debug$S                   0000000180000000     libmex:libmex.dll
 0000:00000000       .debug$S                   0000000180000000     libmex:libmex.dll
 0000:00000000       .debug$S                   0000000180000000     libmex:libmex.dll
 0000:00000000       .debug$S                   0000000180000000     libmex:libmex.dll
 0000:00000000       .debug$S                   0000000180000000     libmex:libmex.dll
 0000:00000000       .debug$S                   0000000180000000     libmex:libmex.dll
 0000:00000000       .debug$S                   0000000180000000     libmex:libmex.dll
 0000:00000000       .debug$S                   0000000180000000     sf_runtime:sf_runtime.dll
 0000:00000000       .debug$S                   0000000180000000     libmx:libmx.dll
 0000:00000000       .debug$S                   0000000180000000     libmx:libmx.dll
 0000:00000000       .debug$S                   0000000180000000     libmx:libmx.dll
 0000:00000000       .debug$S                   0000000180000000     libmx:libmx.dll
 0000:00000000       .debug$S                   0000000180000000     libmx:libmx.dll
 0000:00000000       .debug$S                   0000000180000000     libmx:libmx.dll
 0000:00000000       .debug$S                   0000000180000000     libmx:libmx.dll
 0000:00000000       .debug$S                   0000000180000000     libmx:libmx.dll
 0000:00000000       .debug$S                   0000000180000000     libmx:libmx.dll
 0000:00000000       .debug$S                   0000000180000000     libmx:libmx.dll
 0000:00000000       .debug$S                   0000000180000000     sf_runtime:sf_runtime.dll
 0000:00000000       .debug$S                   0000000180000000     libmx:libmx.dll
 0000:00000000       .debug$S                   0000000180000000     libmx:libmx.dll
 0000:00000000       .debug$S                   0000000180000000     libmx:libmx.dll
 0000:00000000       .debug$S                   0000000180000000     libmx:libmx.dll
 0000:00000000       .debug$S                   0000000180000000     libmx:libmx.dll
 0000:00000000       .debug$S                   0000000180000000     libmx:libmx.dll
 0000:00000000       .debug$S                   0000000180000000     libmx:libmx.dll
 0000:00000000       .debug$S                   0000000180000000     libmx:libmx.dll
 0000:00000000       .debug$S                   0000000180000000     libmx:libmx.dll
 0000:00000000       .debug$S                   0000000180000000     sf_runtime:sf_runtime.dll
 0000:00000000       .debug$S                   0000000180000000     sf_runtime:sf_runtime.dll
 0000:00000000       .debug$S                   0000000180000000     sf_runtime:sf_runtime.dll
 0000:00000000       .debug$S                   0000000180000000     sf_runtime:sf_runtime.dll
 0000:00000000       .debug$S                   0000000180000000     sf_runtime:sf_runtime.dll
 0000:00000000       .debug$S                   0000000180000000     sf_runtime:sf_runtime.dll
 0000:00000000       .debug$S                   0000000180000000     sf_runtime:sf_runtime.dll
 0000:00000000       .debug$S                   0000000180000000     sf_runtime:sf_runtime.dll
 0000:00000000       .debug$S                   0000000180000000     sf_runtime:sf_runtime.dll
 0000:00000000       .debug$S                   0000000180000000     sf_runtime:sf_runtime.dll
 0000:00000000       .debug$S                   0000000180000000     sf_runtime:sf_runtime.dll
 0000:00000000       .debug$S                   0000000180000000     sf_runtime:sf_runtime.dll
 0000:00000000       .debug$S                   0000000180000000     sf_runtime:sf_runtime.dll
 0000:00000000       .debug$S                   0000000180000000     sf_runtime:sf_runtime.dll
 0000:00000000       .debug$S                   0000000180000000     sf_runtime:sf_runtime.dll
 0000:00000000       .debug$S                   0000000180000000     sf_runtime:sf_runtime.dll
 0000:00000000       .debug$S                   0000000180000000     sf_runtime:sf_runtime.dll
 0000:00000000       .debug$S                   0000000180000000     sf_runtime:sf_runtime.dll
 0000:00000000       .debug$S                   0000000180000000     sf_runtime:sf_runtime.dll
 0000:00000000       .debug$S                   0000000180000000     sf_runtime:sf_runtime.dll
 0000:00000000       .debug$S                   0000000180000000     sf_runtime:sf_runtime.dll
 0000:00000000       .debug$S                   0000000180000000     sf_runtime:sf_runtime.dll
 0000:00000000       .debug$S                   0000000180000000     sf_runtime:sf_runtime.dll
 0000:00000000       .debug$S                   0000000180000000     sf_runtime:sf_runtime.dll
 0000:00000000       .debug$S                   0000000180000000     sf_runtime:sf_runtime.dll
 0001:000011c0       chart_debug_initialization 00000001800021c0 f   c1_overview_model.obj
 0001:00001d20       chart_debug_initialize_data_addresses 0000000180002d20 f   c1_overview_model.obj
 0001:00001f90       initialize_c1_overview_model 0000000180002f90 f   c1_overview_model.obj
 0001:00002000       initialize_params_c1_overview_model 0000000180003000 f   c1_overview_model.obj
 0001:00002010       enable_c1_overview_model   0000000180003010 f   c1_overview_model.obj
 0001:00002040       disable_c1_overview_model  0000000180003040 f   c1_overview_model.obj
 0001:00002070       c1_update_debugger_state_c1_overview_model 0000000180003070 f   c1_overview_model.obj
 0001:00002080       get_sim_state_c1_overview_model 0000000180003080 f   c1_overview_model.obj
 0001:000021f0       set_sim_state_c1_overview_model 00000001800031f0 f   c1_overview_model.obj
 0001:00002300       finalize_c1_overview_model 0000000180003300 f   c1_overview_model.obj
 0001:00002310       sf_gateway_c1_overview_model 0000000180003310 f   c1_overview_model.obj
 0001:00002e50       mdl_start_c1_overview_model 0000000180003e50 f   c1_overview_model.obj
 0001:00002e80       initSimStructsc1_overview_model 0000000180003e80 f   c1_overview_model.obj
 0001:00002e90       init_script_number_translation 0000000180003e90 f   c1_overview_model.obj
 0001:00002eb0       c1_sf_marshallOut          0000000180003eb0 f   c1_overview_model.obj
 0001:00002fc0       c1_emlrt_marshallIn        0000000180003fc0 f   c1_overview_model.obj
 0001:00003030       c1_b_emlrt_marshallIn      0000000180004030 f   c1_overview_model.obj
 0001:00003120       c1_sf_marshallIn           0000000180004120 f   c1_overview_model.obj
 0001:00003220       c1_b_sf_marshallOut        0000000180004220 f   c1_overview_model.obj
 0001:000032d0       c1_c_sf_marshallOut        00000001800042d0 f   c1_overview_model.obj
 0001:00003430       c1_c_emlrt_marshallIn      0000000180004430 f   c1_overview_model.obj
 0001:000034c0       c1_b_sf_marshallIn         00000001800044c0 f   c1_overview_model.obj
 0001:00003560       c1_e_emlrt_marshallIn      0000000180004560 f   c1_overview_model.obj
 0001:000035d0       c1_f_emlrt_marshallIn      00000001800045d0 f   c1_overview_model.obj
 0001:00003660       init_dsm_address_info      0000000180004660 f   c1_overview_model.obj
 0001:00003670       init_simulink_io_address   0000000180004670 f   c1_overview_model.obj
 0001:00004520       sf_get_sim_state_info_c1_overview_model 0000000180005520 f   c1_overview_model.obj
 0001:000045f0       sf_get_instance_specialization 00000001800055f0 f   c1_overview_model.obj
 0001:00004600       sf_opaque_initialize_c1_overview_model 0000000180005600 f   c1_overview_model.obj
 0001:00004640       sf_opaque_enable_c1_overview_model 0000000180005640 f   c1_overview_model.obj
 0001:00004660       sf_opaque_disable_c1_overview_model 0000000180005660 f   c1_overview_model.obj
 0001:00004680       sf_opaque_gateway_c1_overview_model 0000000180005680 f   c1_overview_model.obj
 0001:000046a0       sf_opaque_get_sim_state_c1_overview_model 00000001800056a0 f   c1_overview_model.obj
 0001:000046d0       sf_opaque_set_sim_state_c1_overview_model 00000001800056d0 f   c1_overview_model.obj
 0001:00004700       sf_opaque_terminate_c1_overview_model 0000000180005700 f   c1_overview_model.obj
 0001:000047a0       mdlProcessParameters_c1_overview_model 00000001800057a0 f   c1_overview_model.obj
 0001:00004860       mdlSetWorkWidths_c1_overview_model 0000000180005860 f   c1_overview_model.obj
 0001:000050a0       mdlRTW_c1_overview_model   00000001800060a0 f   c1_overview_model.obj
 0001:000050e0       mdlStart_c1_overview_model 00000001800060e0 f   c1_overview_model.obj
 0001:00007838       $LN180                     0000000180008838     overview_model_sfun_registry.obj
 0001:00009a04       $LN17                      000000018000aa04     overview_model_sfun_registry.obj
 0001:00009f8c       $LN26                      000000018000af8c     overview_model_sfun_registry.obj
 0001:0000a674       $LN23                      000000018000b674     overview_model_sfun_registry.obj
 0001:0000ac50       $LN26                      000000018000bc50     overview_model_sfun_registry.obj
 0001:0000c900       sf_debug_api_wrapper       000000018000d900 f   overview_model_sfun_registry.obj
 0001:0000c950       ProcessMexSfunctionCmdLineCall 000000018000d950 f   overview_model_sfun_registry.obj
 0001:0000ccc0       mdlSetWorkWidths           000000018000dcc0 f   overview_model_sfun_registry.obj
 0001:0000cd10       mdlProcessParameters       000000018000dd10 f   overview_model_sfun_registry.obj
 0001:0000cd40       mdl_start_processing       000000018000dd40 f   overview_model_sfun_registry.obj
 0001:0000cda0       mdl_terminate_processing   000000018000dda0 f   overview_model_sfun_registry.obj
 0001:0000ce60       mdlStart                   000000018000de60 f   overview_model_sfun_registry.obj
 0001:0000ce90       mdlTerminate               000000018000de90 f   overview_model_sfun_registry.obj
 0001:0000cec0       mdlInitializeSizes         000000018000dec0 f   overview_model_sfun_registry.obj
 0001:0000cef0       mdlInitializeSampleTimes   000000018000def0 f   overview_model_sfun_registry.obj
 0001:0000cf20       mdl_outputs_continuous_legacy 000000018000df20 f   overview_model_sfun_registry.obj
 0001:0000d020       mdl_outputs_processing     000000018000e020 f   overview_model_sfun_registry.obj
 0001:0000d140       mdl_zeroCrossings_processing 000000018000e140 f   overview_model_sfun_registry.obj
 0001:0000d180       mdlZeroCrossings           000000018000e180 f   overview_model_sfun_registry.obj
 0001:0000d1b0       mdl_derivatives_processing 000000018000e1b0 f   overview_model_sfun_registry.obj
 0001:0000d200       mdlDerivatives             000000018000e200 f   overview_model_sfun_registry.obj
 0001:0000d230       mdl_initialize_conditions_processing 000000018000e230 f   overview_model_sfun_registry.obj
 0001:0000d280       mdlInitializeConditions    000000018000e280 f   overview_model_sfun_registry.obj
 0001:0000d2b0       mdl_ext_mode_exec_processing 000000018000e2b0 f   overview_model_sfun_registry.obj
 0001:0000d2f0       mdlExtModeExec             000000018000e2f0 f   overview_model_sfun_registry.obj
 0001:0000d320       mdlRTW                     000000018000e320 f   overview_model_sfun_registry.obj
 0001:0000d360       mdl_enable_processing      000000018000e360 f   overview_model_sfun_registry.obj
 0001:0000d3a0       mdlEnable                  000000018000e3a0 f   overview_model_sfun_registry.obj
 0001:0000d3d0       mdl_disable_processing     000000018000e3d0 f   overview_model_sfun_registry.obj
 0001:0000d410       mdlDisable                 000000018000e410 f   overview_model_sfun_registry.obj
 0001:0000d440       mdlOutputs                 000000018000e440 f   overview_model_sfun_registry.obj
 0001:0000d470       mdl_update_processing      000000018000e470 f   overview_model_sfun_registry.obj
 0001:0000d4c0       mdlUpdate                  000000018000e4c0 f   overview_model_sfun_registry.obj
 0001:0000d6a0       mdlGetTimeOfNextVarHit     000000018000e6a0 f   overview_model_sfun_registry.obj
 0001:0000d6f0       _RegNumInputPortsCB        000000018000e6f0 f   overview_model_sfun_registry.obj
 0001:0000d770       _RegNumOutputPortsCB       000000018000e770 f   overview_model_sfun_registry.obj
 0001:0000d7f0       _CreateSimStruct           000000018000e7f0 f   overview_model_sfun_registry.obj
 0001:0000d9f0       _ProcessMexSfunctionCmdLineCall 000000018000e9f0 f   overview_model_sfun_registry.obj
 0001:0000e440       ReportIndexOutOfBoundsError 000000018000f440 f   overview_model_sfun_registry.obj
 0001:0000eb40       $$000000                   000000018000fb40     MSVCRT:amdsecgs.obj
 0001:0000eb94       pre_c_init                 000000018000fb94 f   MSVCRT:crtdll.obj
 0001:0000ee8c       __DllMainCRTStartup        000000018000fe8c f   MSVCRT:crtdll.obj
 0001:0000f3a0       __DllMainCRTStartup$filt$0 00000001800103a0 f   MSVCRT:crtdll.obj
 0001:0000f3c5       __DllMainCRTStartup$fin$1  00000001800103c5 f   MSVCRT:crtdll.obj
 0001:0000f3e0       _IsNonwritableInCurrentImage$filt$0 00000001800103e0 f   MSVCRT:pesect.obj
 0001:0000f400       _onexit$fin$0              0000000180010400 f   MSVCRT:atonexit.obj
 0002:00000468       pcinit                     0000000180011468     MSVCRT:crtdll.obj
 0002:00000470       pinit                      0000000180011470     MSVCRT:atonexit.obj
 0002:00000560       GS_ExceptionPointers       0000000180011560     MSVCRT:gs_report.obj
 0002:00000620       $unwind$load_overview_model_optimization_info 0000000180011620     overview_model_sfun.obj
 0002:00000628       $unwind$unload_overview_model_optimization_info 0000000180011628     overview_model_sfun.obj
 0002:00000630       $unwind$sf_overview_model_method_dispatcher 0000000180011630     overview_model_sfun.obj
 0002:00000638       $unwind$sf_overview_model_process_check_sum_call 0000000180011638     overview_model_sfun.obj
 0002:00000648       $unwind$sf_overview_model_autoinheritance_info 0000000180011648     overview_model_sfun.obj
 0002:00000658       $unwind$sf_overview_model_get_eml_resolved_functions_info 0000000180011658     overview_model_sfun.obj
 0002:00000668       $unwind$sf_overview_model_third_party_uses_info 0000000180011668     overview_model_sfun.obj
 0002:00000678       $unwind$sf_overview_model_jit_fallback_info 0000000180011678     overview_model_sfun.obj
 0002:00000688       $unwind$sf_overview_model_updateBuildInfo_args_info 0000000180011688     overview_model_sfun.obj
 0002:00000698       $unwind$overview_model_debug_initialize 0000000180011698     overview_model_sfun.obj
 0002:000006a0       $unwind$sf_c1_overview_model_get_eml_resolved_functions_info 00000001800116a0     c1_overview_model.obj
 0002:000006a8       $unwind$sf_c1_overview_model_get_check_sum 00000001800116a8     c1_overview_model.obj
 0002:000006b0       $unwind$c1_overview_model_method_dispatcher 00000001800116b0     c1_overview_model.obj
 0002:000006b8       $unwind$chart_debug_initialization 00000001800116b8     c1_overview_model.obj
 0002:000006c0       $unwind$chart_debug_initialize_data_addresses 00000001800116c0     c1_overview_model.obj
 0002:000006c8       $unwind$initialize_c1_overview_model 00000001800116c8     c1_overview_model.obj
 0002:000006d0       $unwind$enable_c1_overview_model 00000001800116d0     c1_overview_model.obj
 0002:000006d8       $unwind$disable_c1_overview_model 00000001800116d8     c1_overview_model.obj
 0002:000006e0       $unwind$get_sim_state_c1_overview_model 00000001800116e0     c1_overview_model.obj
 0002:000006e8       $unwind$set_sim_state_c1_overview_model 00000001800116e8     c1_overview_model.obj
 0002:000006f8       $unwind$sf_gateway_c1_overview_model 00000001800116f8     c1_overview_model.obj
 0002:00000708       $unwind$mdl_start_c1_overview_model 0000000180011708     c1_overview_model.obj
 0002:00000710       $unwind$c1_sf_marshallOut  0000000180011710     c1_overview_model.obj
 0002:00000720       $unwind$c1_emlrt_marshallIn 0000000180011720     c1_overview_model.obj
 0002:00000728       $unwind$c1_b_emlrt_marshallIn 0000000180011728     c1_overview_model.obj
 0002:00000738       $unwind$c1_sf_marshallIn   0000000180011738     c1_overview_model.obj
 0002:00000748       $unwind$c1_b_sf_marshallOut 0000000180011748     c1_overview_model.obj
 0002:00000750       $unwind$c1_c_sf_marshallOut 0000000180011750     c1_overview_model.obj
 0002:00000760       $unwind$c1_c_emlrt_marshallIn 0000000180011760     c1_overview_model.obj
 0002:00000768       $unwind$c1_b_sf_marshallIn 0000000180011768     c1_overview_model.obj
 0002:00000770       $unwind$c1_e_emlrt_marshallIn 0000000180011770     c1_overview_model.obj
 0002:00000778       $unwind$c1_f_emlrt_marshallIn 0000000180011778     c1_overview_model.obj
 0002:00000780       $unwind$init_simulink_io_address 0000000180011780     c1_overview_model.obj
 0002:00000788       $unwind$sf_c1_overview_model_get_post_codegen_info 0000000180011788     c1_overview_model.obj
 0002:00000790       $unwind$sf_c1_overview_model_get_autoinheritance_info 0000000180011790     c1_overview_model.obj
 0002:000007a0       $unwind$sf_c1_overview_model_third_party_uses_info 00000001800117a0     c1_overview_model.obj
 0002:000007a8       $unwind$sf_c1_overview_model_jit_fallback_info 00000001800117a8     c1_overview_model.obj
 0002:000007b8       $unwind$sf_c1_overview_model_updateBuildInfo_args_info 00000001800117b8     c1_overview_model.obj
 0002:000007c0       $unwind$sf_get_sim_state_info_c1_overview_model 00000001800117c0     c1_overview_model.obj
 0002:000007c8       $unwind$sf_opaque_initialize_c1_overview_model 00000001800117c8     c1_overview_model.obj
 0002:000007d0       $unwind$sf_opaque_enable_c1_overview_model 00000001800117d0     c1_overview_model.obj
 0002:000007d8       $unwind$sf_opaque_disable_c1_overview_model 00000001800117d8     c1_overview_model.obj
 0002:000007e0       $unwind$sf_opaque_gateway_c1_overview_model 00000001800117e0     c1_overview_model.obj
 0002:000007e8       $unwind$sf_opaque_get_sim_state_c1_overview_model 00000001800117e8     c1_overview_model.obj
 0002:000007f0       $unwind$sf_opaque_set_sim_state_c1_overview_model 00000001800117f0     c1_overview_model.obj
 0002:000007f8       $unwind$sf_opaque_terminate_c1_overview_model 00000001800117f8     c1_overview_model.obj
 0002:00000800       $unwind$mdlProcessParameters_c1_overview_model 0000000180011800     c1_overview_model.obj
 0002:00000808       $unwind$mdlSetWorkWidths_c1_overview_model 0000000180011808     c1_overview_model.obj
 0002:00000810       $unwind$mdlRTW_c1_overview_model 0000000180011810     c1_overview_model.obj
 0002:00000818       $unwind$mdlStart_c1_overview_model 0000000180011818     c1_overview_model.obj
 0002:00000820       $unwind$mexFunction        0000000180011820     overview_model_sfun_registry.obj
 0002:00000830       $unwind$_ssSetInputPortDirectFeedThroughFcn 0000000180011830     overview_model_sfun_registry.obj
 0002:00000840       $unwind$_ssGetInputPortSignalPtrsFcn 0000000180011840     overview_model_sfun_registry.obj
 0002:00000850       $unwind$_ssGetInputPortSignalFcn 0000000180011850     overview_model_sfun_registry.obj
 0002:00000860       $unwind$_ssSetInputPortReusableFcn 0000000180011860     overview_model_sfun_registry.obj
 0002:00000868       $unwind$_ssSetOutputPortReusableFcn 0000000180011868     overview_model_sfun_registry.obj
 0002:00000870       $unwind$_ssSetSymbolicDimsSupport 0000000180011870     overview_model_sfun_registry.obj
 0002:00000878       $unwind$_ssRegisterSymbolicDimsExpr 0000000180011878     overview_model_sfun_registry.obj
 0002:00000880       $unwind$_ssRegisterSymbolicDims 0000000180011880     overview_model_sfun_registry.obj
 0002:00000888       $unwind$_ssRegisterSymbolicDimsString 0000000180011888     overview_model_sfun_registry.obj
 0002:00000890       $unwind$_ssRegisterSymbolicDimsIntValue 0000000180011890     overview_model_sfun_registry.obj
 0002:00000898       $unwind$_ssRegisterSymbolicDimsPlus 0000000180011898     overview_model_sfun_registry.obj
 0002:000008a0       $unwind$_ssRegisterSymbolicDimsMinus 00000001800118a0     overview_model_sfun_registry.obj
 0002:000008a8       $unwind$_ssRegisterSymbolicDimsMultiply 00000001800118a8     overview_model_sfun_registry.obj
 0002:000008b0       $unwind$_ssRegisterSymbolicDimsDivide 00000001800118b0     overview_model_sfun_registry.obj
 0002:000008b8       $unwind$_ssGetNumSymbolicDims 00000001800118b8     overview_model_sfun_registry.obj
 0002:000008c0       $unwind$_ssGetSymbolicDim  00000001800118c0     overview_model_sfun_registry.obj
 0002:000008c8       $unwind$_ssSetInputPortSymbolicDimsId 00000001800118c8     overview_model_sfun_registry.obj
 0002:000008d0       $unwind$_ssGetCompInputPortSymbolicDimsId 00000001800118d0     overview_model_sfun_registry.obj
 0002:000008d8       $unwind$_ssSetCompInputPortSymbolicDimsId 00000001800118d8     overview_model_sfun_registry.obj
 0002:000008e0       $unwind$_ssSetOutputPortSymbolicDimsId 00000001800118e0     overview_model_sfun_registry.obj
 0002:000008e8       $unwind$_ssGetCompOutputPortSymbolicDimsId 00000001800118e8     overview_model_sfun_registry.obj
 0002:000008f0       $unwind$_ssSetCompOutputPortSymbolicDimsId 00000001800118f0     overview_model_sfun_registry.obj
 0002:000008f8       $unwind$_ssSetCompDWorkSymbolicDimsId 00000001800118f8     overview_model_sfun_registry.obj
 0002:00000900       $unwind$ssGetIsZeroCrossControlDisabled 0000000180011900     overview_model_sfun_registry.obj
 0002:00000908       $unwind$ssSetIsInputPortUsedForContZcSignal 0000000180011908     overview_model_sfun_registry.obj
 0002:00000910       $unwind$ssSetZcSignalIsZcElementDisc 0000000180011910     overview_model_sfun_registry.obj
 0002:00000920       $unwind$ssSetZcSignalName  0000000180011920     overview_model_sfun_registry.obj
 0002:00000928       $unwind$ssSetZcSignalWidth 0000000180011928     overview_model_sfun_registry.obj
 0002:00000930       $unwind$ssSetZcSignalZcEventType 0000000180011930     overview_model_sfun_registry.obj
 0002:00000938       $unwind$ssSetZcSignalType  0000000180011938     overview_model_sfun_registry.obj
 0002:00000940       $unwind$ssSetZcSignalZcTol 0000000180011940     overview_model_sfun_registry.obj
 0002:00000948       $unwind$ssSetZcSignalNeedsEventNotification 0000000180011948     overview_model_sfun_registry.obj
 0002:00000950       $unwind$ssCreateAndAddZcSignalInfo 0000000180011950     overview_model_sfun_registry.obj
 0002:00000958       $unwind$ssCloneAndAddZcSignalInfo 0000000180011958     overview_model_sfun_registry.obj
 0002:00000960       $unwind$ssGetNumZcSignals  0000000180011960     overview_model_sfun_registry.obj
 0002:00000968       $unwind$ssGetZcSignalVector 0000000180011968     overview_model_sfun_registry.obj
 0002:00000970       $unwind$ssGetZcSignalName  0000000180011970     overview_model_sfun_registry.obj
 0002:00000978       $unwind$ssGetZcSignalWidth 0000000180011978     overview_model_sfun_registry.obj
 0002:00000980       $unwind$ssGetZcSignalZcEventType 0000000180011980     overview_model_sfun_registry.obj
 0002:00000988       $unwind$ssGetZcSignalZcEvents 0000000180011988     overview_model_sfun_registry.obj
 0002:00000990       $unwind$ssGetZcSignalType  0000000180011990     overview_model_sfun_registry.obj
 0002:00000998       $unwind$ssGetZcSignalZcTol 0000000180011998     overview_model_sfun_registry.obj
 0002:000009a0       $unwind$ssGetZcSignalNeedsEventNotification 00000001800119a0     overview_model_sfun_registry.obj
 0002:000009a8       $unwind$ssGetZcSignalIsZcElementDisc 00000001800119a8     overview_model_sfun_registry.obj
 0002:000009b8       $unwind$ssGetIsInputPortElementContinuous 00000001800119b8     overview_model_sfun_registry.obj
 0002:000009c8       $unwind$_ssSetIWorkValueFcn 00000001800119c8     overview_model_sfun_registry.obj
 0002:000009d0       $unwind$_ssGetIWorkValueFcn 00000001800119d0     overview_model_sfun_registry.obj
 0002:000009d8       $unwind$_ssSetRWorkValueFcn 00000001800119d8     overview_model_sfun_registry.obj
 0002:000009e0       $unwind$_ssGetRWorkValueFcn 00000001800119e0     overview_model_sfun_registry.obj
 0002:000009e8       $unwind$_ssSetPWorkValueFcn 00000001800119e8     overview_model_sfun_registry.obj
 0002:000009f0       $unwind$_ssGetPWorkValueFcn 00000001800119f0     overview_model_sfun_registry.obj
 0002:000009f8       $unwind$ssGetDTypeIdFromMxArray 00000001800119f8     overview_model_sfun_registry.obj
 0002:00000a00       $unwind$ssWriteRTWStr      0000000180011a00     overview_model_sfun_registry.obj
 0002:00000a08       $unwind$ssWriteRTWNameValuePair 0000000180011a08     overview_model_sfun_registry.obj
 0002:00000a10       $unwind$ssWriteRTWParamSettings 0000000180011a10     overview_model_sfun_registry.obj
 0002:00000a18       $unwind$ssWriteRTWParameters 0000000180011a18     overview_model_sfun_registry.obj
 0002:00000a20       $unwind$ssWriteRTWWorkVect 0000000180011a20     overview_model_sfun_registry.obj
 0002:00000a34       $unwind$ssWriteRTWMxVectParam 0000000180011a34     overview_model_sfun_registry.obj
 0002:00000a3c       $unwind$ssWriteRTWMx2dMatParam 0000000180011a3c     overview_model_sfun_registry.obj
 0002:00000a44       $unwind$_ssSetInputPortMatrixDimensions 0000000180011a44     overview_model_sfun_registry.obj
 0002:00000a50       $unwind$_ssSetOutputPortMatrixDimensions 0000000180011a50     overview_model_sfun_registry.obj
 0002:00000a5c       $unwind$_ssSetInputPortVectorDimension 0000000180011a5c     overview_model_sfun_registry.obj
[...]
 0004:00000030       $pdata$sf_overview_model_autoinheritance_info 0000000180018030     overview_model_sfun.obj
 0004:0000003c       $pdata$sf_overview_model_get_eml_resolved_functions_info 000000018001803c     overview_model_sfun.obj
 0004:00000048       $pdata$sf_overview_model_third_party_uses_info 0000000180018048     overview_model_sfun.obj
 0004:00000054       $pdata$sf_overview_model_jit_fallback_info 0000000180018054     overview_model_sfun.obj
 0004:00000060       $pdata$sf_overview_model_updateBuildInfo_args_info 0000000180018060     overview_model_sfun.obj
 0004:0000006c       $pdata$overview_model_debug_initialize 000000018001806c     overview_model_sfun.obj
 0004:00000078       $pdata$sf_c1_overview_model_get_eml_resolved_functions_info 0000000180018078     c1_overview_model.obj
 0004:00000084       $pdata$sf_c1_overview_model_get_check_sum 0000000180018084     c1_overview_model.obj
 0004:00000090       $pdata$c1_overview_model_method_dispatcher 0000000180018090     c1_overview_model.obj
 0004:0000009c       $pdata$chart_debug_initialization 000000018001809c     c1_overview_model.obj
 0004:000000a8       $pdata$chart_debug_initialize_data_addresses 00000001800180a8     c1_overview_model.obj
 0004:000000b4       $pdata$initialize_c1_overview_model 00000001800180b4     c1_overview_model.obj
 0004:000000c0       $pdata$enable_c1_overview_model 00000001800180c0     c1_overview_model.obj
 0004:000000cc       $pdata$disable_c1_overview_model 00000001800180cc     c1_overview_model.obj
 0004:000000d8       $pdata$get_sim_state_c1_overview_model 00000001800180d8     c1_overview_model.obj
 0004:000000e4       $pdata$set_sim_state_c1_overview_model 00000001800180e4     c1_overview_model.obj
 0004:000000f0       $pdata$sf_gateway_c1_overview_model 00000001800180f0     c1_overview_model.obj
 0004:000000fc       $pdata$mdl_start_c1_overview_model 00000001800180fc     c1_overview_model.obj
 0004:00000108       $pdata$c1_sf_marshallOut   0000000180018108     c1_overview_model.obj
 0004:00000114       $pdata$c1_emlrt_marshallIn 0000000180018114     c1_overview_model.obj
 0004:00000120       $pdata$c1_b_emlrt_marshallIn 0000000180018120     c1_overview_model.obj
 0004:0000012c       $pdata$c1_sf_marshallIn    000000018001812c     c1_overview_model.obj
 0004:00000138       $pdata$c1_b_sf_marshallOut 0000000180018138     c1_overview_model.obj
 0004:00000144       $pdata$c1_c_sf_marshallOut 0000000180018144     c1_overview_model.obj
 0004:00000150       $pdata$c1_c_emlrt_marshallIn 0000000180018150     c1_overview_model.obj
 0004:0000015c       $pdata$c1_b_sf_marshallIn  000000018001815c     c1_overview_model.obj
 0004:00000168       $pdata$c1_e_emlrt_marshallIn 0000000180018168     c1_overview_model.obj
 0004:00000174       $pdata$c1_f_emlrt_marshallIn 0000000180018174     c1_overview_model.obj
 0004:00000180       $pdata$init_simulink_io_address 0000000180018180     c1_overview_model.obj
 0004:0000018c       $pdata$sf_c1_overview_model_get_post_codegen_info 000000018001818c     c1_overview_model.obj
 0004:00000198       $pdata$sf_c1_overview_model_get_autoinheritance_info 0000000180018198     c1_overview_model.obj
 0004:000001a4       $pdata$sf_c1_overview_model_third_party_uses_info 00000001800181a4     c1_overview_model.obj
 0004:000001b0       $pdata$sf_c1_overview_model_jit_fallback_info 00000001800181b0     c1_overview_model.obj
 0004:000001bc       $pdata$sf_c1_overview_model_updateBuildInfo_args_info 00000001800181bc     c1_overview_model.obj
 0004:000001c8       $pdata$sf_get_sim_state_info_c1_overview_model 00000001800181c8     c1_overview_model.obj
 0004:000001d4       $pdata$sf_opaque_initialize_c1_overview_model 00000001800181d4     c1_overview_model.obj
 0004:000001e0       $pdata$sf_opaque_enable_c1_overview_model 00000001800181e0     c1_overview_model.obj
 0004:000001ec       $pdata$sf_opaque_disable_c1_overview_model 00000001800181ec     c1_overview_model.obj
 0004:000001f8       $pdata$sf_opaque_gateway_c1_overview_model 00000001800181f8     c1_overview_model.obj
 0004:00000204       $pdata$sf_opaque_get_sim_state_c1_overview_model 0000000180018204     c1_overview_model.obj
 0004:00000210       $pdata$sf_opaque_set_sim_state_c1_overview_model 0000000180018210     c1_overview_model.obj
 0004:0000021c       $pdata$sf_opaque_terminate_c1_overview_model 000000018001821c     c1_overview_model.obj
 0004:00000228       $pdata$mdlProcessParameters_c1_overview_model 0000000180018228     c1_overview_model.obj
 0004:00000234       $pdata$mdlSetWorkWidths_c1_overview_model 0000000180018234     c1_overview_model.obj
 0004:00000240       $pdata$mdlRTW_c1_overview_model 0000000180018240     c1_overview_model.obj
 0004:0000024c       $pdata$mdlStart_c1_overview_model 000000018001824c     c1_overview_model.obj
 0004:00000258       $pdata$mexFunction         0000000180018258     overview_model_sfun_registry.obj
 0004:00000264       $pdata$_ssSetInputPortDirectFeedThroughFcn 0000000180018264     overview_model_sfun_registry.obj
 0004:00000270       $pdata$_ssGetInputPortSignalPtrsFcn 0000000180018270     overview_model_sfun_registry.obj
 0004:0000027c       $pdata$_ssGetInputPortSignalFcn 000000018001827c     overview_model_sfun_registry.obj
 0004:00000288       $pdata$_ssSetInputPortReusableFcn 0000000180018288     overview_model_sfun_registry.obj
 0004:00000294       $pdata$_ssSetOutputPortReusableFcn 0000000180018294     overview_model_sfun_registry.obj
 0004:000002a0       $pdata$_ssSetSymbolicDimsSupport 00000001800182a0     overview_model_sfun_registry.obj
 0004:000002ac       $pdata$_ssRegisterSymbolicDimsExpr 00000001800182ac     overview_model_sfun_registry.obj
 0004:000002b8       $pdata$_ssRegisterSymbolicDims 00000001800182b8     overview_model_sfun_registry.obj
 0004:000002c4       $pdata$_ssRegisterSymbolicDimsString 00000001800182c4     overview_model_sfun_registry.obj
 0004:000002d0       $pdata$_ssRegisterSymbolicDimsIntValue 00000001800182d0     overview_model_sfun_registry.obj
 0004:000002dc       $pdata$_ssRegisterSymbolicDimsPlus 00000001800182dc     overview_model_sfun_registry.obj
 0004:000002e8       $pdata$_ssRegisterSymbolicDimsMinus 00000001800182e8     overview_model_sfun_registry.obj
 0004:000002f4       $pdata$_ssRegisterSymbolicDimsMultiply 00000001800182f4     overview_model_sfun_registry.obj
 0004:00000300       $pdata$_ssRegisterSymbolicDimsDivide 0000000180018300     overview_model_sfun_registry.obj
 0004:0000030c       $pdata$_ssGetNumSymbolicDims 000000018001830c     overview_model_sfun_registry.obj
 0004:00000318       $pdata$_ssGetSymbolicDim   0000000180018318     overview_model_sfun_registry.obj
 0004:00000324       $pdata$_ssSetInputPortSymbolicDimsId 0000000180018324     overview_model_sfun_registry.obj
 0004:00000330       $pdata$_ssGetCompInputPortSymbolicDimsId 0000000180018330     overview_model_sfun_registry.obj
 0004:0000033c       $pdata$_ssSetCompInputPortSymbolicDimsId 000000018001833c     overview_model_sfun_registry.obj
 0004:00000348       $pdata$_ssSetOutputPortSymbolicDimsId 0000000180018348     overview_model_sfun_registry.obj
 0004:00000354       $pdata$_ssGetCompOutputPortSymbolicDimsId 0000000180018354     overview_model_sfun_registry.obj
 0004:00000360       $pdata$_ssSetCompOutputPortSymbolicDimsId 0000000180018360     overview_model_sfun_registry.obj
 0004:0000036c       $pdata$_ssSetCompDWorkSymbolicDimsId 000000018001836c     overview_model_sfun_registry.obj
 0004:00000378       $pdata$ssGetIsZeroCrossControlDisabled 0000000180018378     overview_model_sfun_registry.obj
 0004:00000384       $pdata$ssSetIsInputPortUsedForContZcSignal 0000000180018384     overview_model_sfun_registry.obj
 0004:00000390       $pdata$ssSetZcSignalIsZcElementDisc 0000000180018390     overview_model_sfun_registry.obj
 0004:0000039c       $pdata$ssSetZcSignalName   000000018001839c     overview_model_sfun_registry.obj
 0004:000003a8       $pdata$ssSetZcSignalWidth  00000001800183a8     overview_model_sfun_registry.obj
 0004:000003b4       $pdata$ssSetZcSignalZcEventType 00000001800183b4     overview_model_sfun_registry.obj
 0004:000003c0       $pdata$ssSetZcSignalType   00000001800183c0     overview_model_sfun_registry.obj
 0004:000003cc       $pdata$ssSetZcSignalZcTol  00000001800183cc     overview_model_sfun_registry.obj
 0004:000003d8       $pdata$ssSetZcSignalNeedsEventNotification 00000001800183d8     overview_model_sfun_registry.obj
 0004:000003e4       $pdata$ssCreateAndAddZcSignalInfo 00000001800183e4     overview_model_sfun_registry.obj
 0004:000003f0       $pdata$ssCloneAndAddZcSignalInfo 00000001800183f0     overview_model_sfun_registry.obj
 0004:000003fc       $pdata$ssGetNumZcSignals   00000001800183fc     overview_model_sfun_registry.obj
 0004:00000408       $pdata$ssGetZcSignalVector 0000000180018408     overview_model_sfun_registry.obj
 0004:00000414       $pdata$ssGetZcSignalName   0000000180018414     overview_model_sfun_registry.obj
 0004:00000420       $pdata$ssGetZcSignalWidth  0000000180018420     overview_model_sfun_registry.obj
 0004:0000042c       $pdata$ssGetZcSignalZcEventType 000000018001842c     overview_model_sfun_registry.obj
 0004:00000438       $pdata$ssGetZcSignalZcEvents 0000000180018438     overview_model_sfun_registry.obj
 0004:00000444       $pdata$ssGetZcSignalType   0000000180018444     overview_model_sfun_registry.obj
 0004:00000450       $pdata$ssGetZcSignalZcTol  0000000180018450     overview_model_sfun_registry.obj
 0004:0000045c       $pdata$ssGetZcSignalNeedsEventNotification 000000018001845c     overview_model_sfun_registry.obj
 0004:00000468       $pdata$ssGetZcSignalIsZcElementDisc 0000000180018468     overview_model_sfun_registry.obj
 0004:00000474       $pdata$ssGetIsInputPortElementContinuous 0000000180018474     overview_model_sfun_registry.obj
 0004:00000480       $pdata$_ssSetIWorkValueFcn 0000000180018480     overview_model_sfun_registry.obj
 0004:0000048c       $pdata$_ssGetIWorkValueFcn 000000018001848c     overview_model_sfun_registry.obj
 0004:00000498       $pdata$_ssSetRWorkValueFcn 0000000180018498     overview_model_sfun_registry.obj
 0004:000004a4       $pdata$_ssGetRWorkValueFcn 00000001800184a4     overview_model_sfun_registry.obj
 0004:000004b0       $pdata$_ssSetPWorkValueFcn 00000001800184b0     overview_model_sfun_registry.obj
 0004:000004bc       $pdata$_ssGetPWorkValueFcn 00000001800184bc     overview_model_sfun_registry.obj
 0004:000004c8       $pdata$ssGetDTypeIdFromMxArray 00000001800184c8     overview_model_sfun_registry.obj
 0004:000004d4       $pdata$ssWriteRTWStr       00000001800184d4     overview_model_sfun_registry.obj
 0004:000004e0       $pdata$ssWriteRTWNameValuePair 00000001800184e0     overview_model_sfun_registry.obj
 0004:000004ec       $pdata$ssWriteRTWParamSettings 00000001800184ec     overview_model_sfun_registry.obj
 0004:000004f8       $pdata$ssWriteRTWParameters 00000001800184f8     overview_model_sfun_registry.obj
 0004:00000504       $pdata$ssWriteRTWWorkVect  0000000180018504     overview_model_sfun_registry.obj
 0004:00000510       $pdata$ssWriteRTWMxVectParam 0000000180018510     overview_model_sfun_registry.obj
 0004:0000051c       $pdata$ssWriteRTWMx2dMatParam 000000018001851c     overview_model_sfun_registry.obj
 0004:00000528       $pdata$_ssSetInputPortMatrixDimensions 0000000180018528     overview_model_sfun_registry.obj
 0004:00000534       $pdata$_ssSetOutputPortMatrixDimensions 0000000180018534     overview_model_sfun_registry.obj
 0004:00000540       $pdata$_ssSetInputPortVectorDimension 0000000180018540     overview_model_sfun_registry.obj
 0004:0000054c       $pdata$_ssSetOutputPortVectorDimension 000000018001854c     overview_model_sfun_registry.obj
 0004:00000558       $pdata$ssIsRunTimeParamTunable 0000000180018558     overview_model_sfun_registry.obj
 0004:00000564       $pdata$ssGetSFuncBlockHandle 0000000180018564     overview_model_sfun_registry.obj
 0004:00000570       $pdata$_ssGetCurrentInputPortWidth 0000000180018570     overview_model_sfun_registry.obj
 0004:0000057c       $pdata$_ssGetCurrentOutputPortWidth 000000018001857c     overview_model_sfun_registry.obj
 0004:00000588       $pdata$_ssGetCallSystemNumFcnCallDestinations 0000000180018588     overview_model_sfun_registry.obj
 0004:00000594       $pdata$ssGetParameterTuningCompliance 0000000180018594     overview_model_sfun_registry.obj
 0004:000005a0       $pdata$ssWarning           00000001800185a0     overview_model_sfun_registry.obj
 0004:000005ac       $pdata$_ssGetAbsTol        00000001800185ac     overview_model_sfun_registry.obj
 0004:000005b8       $pdata$sf_process_check_sum_call 00000001800185b8     overview_model_sfun_registry.obj
 0004:000005c4       $pdata$sf_process_autoinheritance_call 00000001800185c4     overview_model_sfun_registry.obj
 0004:000005d0       $pdata$sf_process_get_third_party_uses_info_call 00000001800185d0     overview_model_sfun_registry.obj
 0004:000005dc       $pdata$sf_process_get_jit_fallback_info_call 00000001800185dc     overview_model_sfun_registry.obj
 0004:000005e8       $pdata$sf_process_get_updateBuildInfo_args_info_call 00000001800185e8     overview_model_sfun_registry.obj
 0004:000005f4       $pdata$sf_process_get_eml_resolved_functions_info_call 00000001800185f4     overview_model_sfun_registry.obj
 0004:00000600       $pdata$sf_mex_unlock_call  0000000180018600     overview_model_sfun_registry.obj
 0004:0000060c       $pdata$sf_debug_api_wrapper 000000018001860c     overview_model_sfun_registry.obj
 0004:00000618       $pdata$ProcessMexSfunctionCmdLineCall 0000000180018618     overview_model_sfun_registry.obj
 0004:00000624       $pdata$sf_machine_global_initializer_called 0000000180018624     overview_model_sfun_registry.obj
 0004:00000630       $pdata$sf_machine_global_method_dispatcher 0000000180018630     overview_model_sfun_registry.obj
 0004:0000063c       $pdata$sf_machine_global_terminator 000000018001863c     overview_model_sfun_registry.obj
 0004:00000648       $pdata$sf_register_machine_exported_symbols 0000000180018648     overview_model_sfun_registry.obj
 0004:00000654       $pdata$sf_machine_global_initializer 0000000180018654     overview_model_sfun_registry.obj
 0004:00000660       $pdata$mdlGetSimState      0000000180018660     overview_model_sfun_registry.obj
 0004:0000066c       $pdata$mdlSetSimState      000000018001866c     overview_model_sfun_registry.obj
 0004:00000678       $pdata$mdlSetWorkWidths    0000000180018678     overview_model_sfun_registry.obj
 0004:00000684       $pdata$mdlProcessParameters 0000000180018684     overview_model_sfun_registry.obj
 0004:00000690       $pdata$mdl_start_processing 0000000180018690     overview_model_sfun_registry.obj
 0004:0000069c       $pdata$mdl_terminate_processing 000000018001869c     overview_model_sfun_registry.obj
 0004:000006a8       $pdata$mdlStart            00000001800186a8     overview_model_sfun_registry.obj
 0004:000006b4       $pdata$mdlTerminate        00000001800186b4     overview_model_sfun_registry.obj
 0004:000006c0       $pdata$mdlInitializeSizes  00000001800186c0     overview_model_sfun_registry.obj
 0004:000006cc       $pdata$mdlInitializeSampleTimes 00000001800186cc     overview_model_sfun_registry.obj
 0004:000006d8       $pdata$mdl_outputs_continuous_legacy 00000001800186d8     overview_model_sfun_registry.obj
 0004:000006e4       $pdata$mdl_outputs_processing 00000001800186e4     overview_model_sfun_registry.obj
 0004:000006f0       $pdata$mdl_zeroCrossings_processing 00000001800186f0     overview_model_sfun_registry.obj
 0004:000006fc       $pdata$mdlZeroCrossings    00000001800186fc     overview_model_sfun_registry.obj
 0004:00000708       $pdata$mdl_derivatives_processing 0000000180018708     overview_model_sfun_registry.obj
 0004:00000714       $pdata$mdlDerivatives      0000000180018714     overview_model_sfun_registry.obj
 0004:00000720       $pdata$mdl_initialize_conditions_processing 0000000180018720     overview_model_sfun_registry.obj
 0004:0000072c       $pdata$mdlInitializeConditions 000000018001872c     overview_model_sfun_registry.obj
 0004:00000738       $pdata$mdl_ext_mode_exec_processing 0000000180018738     overview_model_sfun_registry.obj
 0004:00000744       $pdata$mdlExtModeExec      0000000180018744     overview_model_sfun_registry.obj
 0004:00000750       $pdata$mdlRTW              0000000180018750     overview_model_sfun_registry.obj
 0004:0000075c       $pdata$mdl_enable_processing 000000018001875c     overview_model_sfun_registry.obj
 0004:00000768       $pdata$mdlEnable           0000000180018768     overview_model_sfun_registry.obj
 0004:00000774       $pdata$mdl_disable_processing 0000000180018774     overview_model_sfun_registry.obj
 0004:00000780       $pdata$mdlDisable          0000000180018780     overview_model_sfun_registry.obj
 0004:0000078c       $pdata$mdlOutputs          000000018001878c     overview_model_sfun_registry.obj
 0004:00000798       $pdata$mdl_update_processing 0000000180018798     overview_model_sfun_registry.obj
 0004:000007a4       $pdata$mdlUpdate           00000001800187a4     overview_model_sfun_registry.obj
 0004:000007b0       $pdata$ProcessMexSfunctionEveryCall 00000001800187b0     overview_model_sfun_registry.obj
 0004:000007bc       $pdata$_RegNumInputPortsCB 00000001800187bc     overview_model_sfun_registry.obj
 0004:000007c8       $pdata$_RegNumOutputPortsCB 00000001800187c8     overview_model_sfun_registry.obj
 0004:000007d4       $pdata$_CreateSimStruct    00000001800187d4     overview_model_sfun_registry.obj
 0004:000007e0       $pdata$_ProcessMexSfunctionCmdLineCall 00000001800187e0     overview_model_sfun_registry.obj
 0004:000007ec       $pdata$ReportIndexOutOfBoundsError 00000001800187ec     overview_model_sfun_registry.obj
 0004:000007f8       $pdata$__raise_securityfailure 00000001800187f8     MSVCRT:gs_report.obj
 0004:00000804       $pdata$__report_gsfailure  0000000180018804     MSVCRT:gs_report.obj
 0004:00000810       $pdata$__report_rangecheckfailure 0000000180018810     MSVCRT:gs_report.obj
 0004:0000081c       $pdata$__report_securityfailure 000000018001881c     MSVCRT:gs_report.obj
 0004:00000828       $pdata$__report_securityfailureEx 0000000180018828     MSVCRT:gs_report.obj
 0004:00000834       $pdata$__GSHandlerCheck    0000000180018834     MSVCRT:gshandler.obj
 0004:00000840       $pdata$__GSHandlerCheckCommon 0000000180018840     MSVCRT:gshandler.obj
 0004:00000858       $pdata$pre_c_init          0000000180018858     MSVCRT:crtdll.obj
 0004:00000864       $pdata$_CRT_INIT           0000000180018864     MSVCRT:crtdll.obj
 0004:00000870       $pdata$_DllMainCRTStartup  0000000180018870     MSVCRT:crtdll.obj
 0004:0000087c       $pdata$__DllMainCRTStartup 000000018001887c     MSVCRT:crtdll.obj
 0004:00000888       $pdata$_IsNonwritableInCurrentImage 0000000180018888     MSVCRT:pesect.obj
 0004:00000894       $pdata$__atonexitinit      0000000180018894     MSVCRT:atonexit.obj
 0004:000008a0       $pdata$_onexit             00000001800188a0     MSVCRT:atonexit.obj
 0004:000008ac       $pdata$atexit              00000001800188ac     MSVCRT:atonexit.obj
 0004:000008b8       $pdata$__security_init_cookie 00000001800188b8     MSVCRT:gs_support.obj
 0004:000008c4       $pdata$DllMain             00000001800188c4     MSVCRT:dllmain.obj
 0004:000008d0       $pdata$_RTC_Initialize     00000001800188d0     MSVCRT:initsect.obj
 0004:000008dc       $pdata$_RTC_Terminate      00000001800188dc     MSVCRT:initsect.obj
 0004:000008e8       $pdata$__DllMainCRTStartup$filt$0 00000001800188e8     MSVCRT:crtdll.obj
 0004:000008f4       $pdata$__DllMainCRTStartup$fin$1 00000001800188f4     MSVCRT:crtdll.obj
 0004:00000900       $pdata$_IsNonwritableInCurrentImage$filt$0 0000000180018900     MSVCRT:pesect.obj
 0004:0000090c       $pdata$_onexit$fin$0       000000018001890c     MSVCRT:atonexit.obj
